#
# You may comment out tests by placing a # on the first column of any line.
#
# Use a #TIME_OUT=<#> to override default time out 10 min
#                     to make it shorter or increase it up to a max of 30 min
#
# 2 Examples next lines:
#
#-c tests/XMP/XMP_XFW004/IntegrationTestSetup/custom.xtt.conf.xml -s tests/XMP/XMP401/CacheHeaderOverrides/CacheHeaderOverrides.TC.001.xml  #TIME_OUT=5
#-c tests/XMP/XMP_XFW004/IntegrationTestSetup/custom.xtt.conf.xml -s tests/XMP/XMP401/CacheHeaderOverrides/CacheHeaderOverrides.TC.003a.xml 

-c tests/XMP/XMP_XFW004/IntegrationTestSetup/custom.xtt.conf.xml -s tests/XMP/XMP_XFW004/xmpIntegration/integrationTC002.xml
-c tests/XMP/XMP_XFW004/IntegrationTestSetup/custom.xtt.conf.xml -s tests/XMP/XMP_XFW004/CacheHeaderOverrides/CacheHeaderOverrides.TC.001.xml
-c tests/XMP/XMP_XFW004/IntegrationTestSetup/custom.xtt.conf.xml -s tests/XMP/XMP_XFW004/CacheHeaderOverrides/CacheHeaderOverrides.TC.002.xml
-c tests/XMP/XMP_XFW004/IntegrationTestSetup/custom.xtt.conf.xml -s tests/XMP/XMP_XFW004/CacheHeaderOverrides/CacheHeaderOverrides.TC.003a.xml
-c tests/XMP/XMP_XFW004/IntegrationTestSetup/custom.xtt.conf.xml -s tests/XMP/XMP_XFW004/CacheHeaderOverrides/CacheHeaderOverrides.TC.003b.xml
-c tests/XMP/XMP_XFW004/IntegrationTestSetup/custom.xtt.conf.xml -s tests/XMP/XMP_XFW004/ClearCookiesWebService/ClearCookiesWebService.TC.001.xml
-c tests/XMP/XMP_XFW004/IntegrationTestSetup/custom.xtt.conf.xml -s tests/XMP/XMP_XFW004/ClearCookiesWebService/ClearCookiesWebService.TC.002.xml
-c tests/XMP/XMP_XFW004/IntegrationTestSetup/custom.xtt.conf.xml -s tests/XMP/XMP_XFW004/EngineeringImprovements/EngineeringImprovements.TC.003.xml
-c tests/XMP/XMP_XFW004/IntegrationTestSetup/custom.xtt.conf.xml -s tests/XMP/XMP_XFW004/IntelligentCaching/IntelligentCaching.TC.001.xml
-c tests/XMP/XMP_XFW004/IntegrationTestSetup/custom.xtt.conf.xml -s tests/XMP/XMP_XFW004/IntelligentCaching/IntelligentCaching.TC.002.xml
-c tests/XMP/XMP_XFW004/IntegrationTestSetup/custom.xtt.conf.xml -s tests/XMP/XMP_XFW004/ModifyCacheHeaders/ModifyCacheHeaders.TC.001.xml
-c tests/XMP/XMP_XFW004/IntegrationTestSetup/custom.xtt.conf.xml -s tests/XMP/XMP_XFW004/ModifyCacheHeaders/ModifyCacheHeaders.TC.002.xml
-c tests/XMP/XMP_XFW004/IntegrationTestSetup/custom.xtt.conf.xml -s tests/XMP/XMP_XFW004/ModifyCacheHeaders/ModifyCacheHeaders.TC.003.xml
-c tests/XMP/XMP_XFW004/IntegrationTestSetup/custom.xtt.conf.xml -s tests/XMP/XMP_XFW004/PreventingURLClassificationBeingMissed/PreventingURLClassificationBeingMissed.TC.001.xml
-c tests/XMP/XMP_XFW004/IntegrationTestSetup/custom.xtt.conf.xml -s tests/XMP/XMP_XFW004/PreventingURLClassificationBeingMissed/PreventingURLClassificationBeingMissed.TC.002.xml
-c tests/XMP/XMP_XFW004/IntegrationTestSetup/custom.xtt.conf.xml -s tests/XMP/XMP_XFW004/PreventingURLClassificationBeingMissed/PreventingURLClassificationBeingMissed.TC.003.xml
-c tests/XMP/XMP_XFW004/IntegrationTestSetup/custom.xtt.conf.xml -s tests/XMP/XMP_XFW004/URLListsForURLClassification/URLListsForURLClassification.TC.001.xml
-c tests/XMP/XMP_XFW004/IntegrationTestSetup/custom.xtt.conf.xml -s tests/XMP/XMP_XFW004/URLListsForURLClassification/URLListsForURLClassification.TC.002.xml
-c tests/XMP/XMP_XFW004/IntegrationTestSetup/custom.xtt.conf.xml -s tests/XMP/XMP_XFW004/URLListsForURLClassification/URLListsForURLClassification.TC.003.xml
-c tests/XMP/XMP_XFW004/IntegrationTestSetup/custom.xtt.conf.xml -s tests/XMP/XMP_XFW004/URLListsForURLClassification/URLListsForURLClassification.TC.004.xml
-c tests/XMP/XMP_XFW004/IntegrationTestSetup/custom.xtt.conf.xml -s tests/XMP/XMP_XFW004/URLListsForURLClassification/URLListsForURLClassification.TC.005.xml
-c tests/XMP/XMP_XFW004/IntegrationTestSetup/custom.xtt.conf.xml -s tests/XMP/XMP_XFW004/URLListsForURLClassification/URLListsForURLClassification.TC.006.xml
-c tests/XMP/XMP_XFW004/IntegrationTestSetup/custom.xtt.conf.xml -s tests/XMP/XMP_XFW004/URLListsForURLClassification/URLListsForURLClassification.TC.007.xml
-c tests/XMP/XMP_XFW004/IntegrationTestSetup/custom.xtt.conf.xml -s tests/XMP/XMP_XFW004/URLListsForURLClassification/URLListsForURLClassification.TC.008.xml
-c tests/XMP/XMP_XFW004/IntegrationTestSetup/custom.xtt.conf.xml -s tests/XMP/XMP_XFW004/URLListsForURLClassification/URLListsForURLClassification.TC.009.xml
-c tests/XMP/XMP_XFW004/IntegrationTestSetup/custom.xtt.conf.xml -s tests/XMP/XMP_XFW004/URLListsForURLClassification/URLListsForURLClassification.TC.010.xml
-c tests/XMP/XMP_XFW004/IntegrationTestSetup/custom.xtt.conf.xml -s tests/XMP/XMP_XFW004/connect/connectTC001.xml
-c tests/XMP/XMP_XFW004/IntegrationTestSetup/custom.xtt.conf.xml -s tests/XMP/XMP_XFW004/connect/connectTC002.xml
-c tests/XMP/XMP_XFW004/IntegrationTestSetup/custom.xtt.conf.xml -s tests/XMP/XMP_XFW004/connect/connectTC003.xml
-c tests/XMP/XMP_XFW004/IntegrationTestSetup/custom.xtt.conf.xml -s tests/XMP/XMP_XFW004/connect/connectTC004.xml
-c tests/XMP/XMP_XFW004/IntegrationTestSetup/custom.xtt.conf.xml -s tests/XMP/XMP_XFW004/connect/connectTC005.xml
-c tests/XMP/XMP_XFW004/IntegrationTestSetup/custom.xtt.conf.xml -s tests/XMP/XMP_XFW004/connect/connectTC006.xml
-c tests/XMP/XMP_XFW004/IntegrationTestSetup/custom.xtt.conf.xml -s tests/XMP/XMP_XFW004/connect/connectTC007.xml
-c tests/XMP/XMP_XFW004/IntegrationTestSetup/custom.xtt.conf.xml -s tests/XMP/XMP_XFW004/radius/radiusTC001.xml
-c tests/XMP/XMP_XFW004/IntegrationTestSetup/custom.xtt.conf.xml -s tests/XMP/XMP_XFW004/radius/radiusTC002.xml
-c tests/XMP/XMP_XFW004/IntegrationTestSetup/custom.xtt.conf.xml -s tests/XMP/XMP_XFW004/push/pushTC000.xml
-c tests/XMP/XMP_XFW004/IntegrationTestSetup/custom.xtt.conf.xml -s tests/XMP/XMP_XFW004/push/pushTC001.xml
-c tests/XMP/XMP_XFW004/IntegrationTestSetup/custom.xtt.conf.xml -s tests/XMP/XMP_XFW004/push/BZ19770.xml
-c tests/XMP/XMP_XFW004/IntegrationTestSetup/custom.xtt.conf.xml -s tests/XMP/XMP_XFW004/push/BZ20620.xml
-c tests/XMP/XMP_XFW004/IntegrationTestSetup/custom.xtt.conf.xml -s tests/XMP/XMP_XFW004/push/pushTC002.xml
-c tests/XMP/XMP_XFW004/IntegrationTestSetup/custom.xtt.conf.xml -s tests/XMP/XMP_XFW004/push/pushTC003.xml
-c tests/XMP/XMP_XFW004/IntegrationTestSetup/custom.xtt.conf.xml -s tests/XMP/XMP_XFW004/push/pushTC004.xml
-c tests/XMP/XMP_XFW004/IntegrationTestSetup/custom.xtt.conf.xml -s tests/XMP/XMP_XFW004/push/pushTC005_new.xml
-c tests/XMP/XMP_XFW004/IntegrationTestSetup/custom.xtt.conf.xml -s tests/XMP/XMP_XFW004/push/pushTC006_new.xml
-c tests/XMP/XMP_XFW004/IntegrationTestSetup/custom.xtt.conf.xml -s tests/XMP/XMP_XFW004/push/pushTC007.xml
-c tests/XMP/XMP_XFW004/IntegrationTestSetup/custom.xtt.conf.xml -s tests/XMP/XMP_XFW004/push/pushTC009.xml
-c tests/XMP/XMP_XFW004/IntegrationTestSetup/custom.xtt.conf.xml -s tests/XMP/XMP_XFW004/push/pushTC010.xml
-c tests/XMP/XMP_XFW004/IntegrationTestSetup/custom.xtt.conf.xml -s tests/XMP/XMP_XFW004/push/pushTC011.xml
-c tests/XMP/XMP_XFW004/IntegrationTestSetup/custom.xtt.conf.xml -s tests/XMP/XMP_XFW004/push/pushTC012.xml
-c tests/XMP/XMP_XFW004/IntegrationTestSetup/custom.xtt.conf.xml -s tests/XMP/XMP_XFW004/push/pushTC014.xml
-c tests/XMP/XMP_XFW004/IntegrationTestSetup/custom.xtt.conf.xml -s tests/XMP/XMP_XFW004/push/pushTC015.xml
-c tests/XMP/XMP_XFW004/IntegrationTestSetup/custom.xtt.conf.xml -s tests/XMP/XMP_XFW004/push/pushTC016.xml
-c tests/XMP/XMP_XFW004/IntegrationTestSetup/custom.xtt.conf.xml -s tests/XMP/XMP_XFW004/push/pushTC017.xml
-c tests/XMP/XMP_XFW004/IntegrationTestSetup/custom.xtt.conf.xml -s tests/XMP/XMP_XFW004/push/pushTC018.xml
-c tests/XMP/XMP_XFW004/IntegrationTestSetup/custom.xtt.conf.xml -s tests/XMP/XMP_XFW004/push/pushTC020.xml
-c tests/XMP/XMP_XFW004/IntegrationTestSetup/custom.xtt.conf.xml -s tests/XMP/XMP_XFW004/push/pushTC021.xml
-c tests/XMP/XMP_XFW004/IntegrationTestSetup/custom.xtt.conf.xml -s tests/XMP/XMP_XFW004/push/pushTC022.xml
-c tests/XMP/XMP_XFW004/IntegrationTestSetup/custom.xtt.conf.xml -s tests/XMP/XMP_XFW004/push/pushTC023.xml
-c tests/XMP/XMP_XFW004/IntegrationTestSetup/custom.xtt.conf.xml -s tests/XMP/XMP_XFW004/push/pushTC025.xml
-c tests/XMP/XMP_XFW004/IntegrationTestSetup/custom.xtt.conf.xml -s tests/XMP/XMP_XFW004/push/pushTC031.xml
-c tests/XMP/XMP_XFW004/IntegrationTestSetup/custom.xtt.conf.xml -s tests/XMP/XMP_XFW004/push/pushTC032.xml
-c tests/XMP/XMP_XFW004/IntegrationTestSetup/custom.xtt.conf.xml -s tests/XMP/XMP_XFW004/push/pushTC033.xml
-c tests/XMP/XMP_XFW004/IntegrationTestSetup/custom.xtt.conf.xml -s tests/XMP/XMP_XFW004/push/pushTC034.xml
-c tests/XMP/XMP_XFW004/IntegrationTestSetup/custom.xtt.conf.xml -s tests/XMP/XMP_XFW004/push/pushTC037.xml
-c tests/XMP/XMP_XFW004/IntegrationTestSetup/custom.xtt.conf.xml -s tests/XMP/XMP_XFW004/push/pushTC041.xml
-c tests/XMP/XMP_XFW004/IntegrationTestSetup/custom.xtt.conf.xml -s tests/XMP/XMP_XFW004/push/pushTC042.xml
-c tests/XMP/XMP_XFW004/IntegrationTestSetup/custom.xtt.conf.xml -s tests/XMP/XMP_XFW004/push/pushTC043.xml
-c tests/XMP/XMP_XFW004/IntegrationTestSetup/custom.xtt.conf.xml -s tests/XMP/XMP_XFW004/nai/naiTC001.xml
-c tests/XMP/XMP_XFW004/IntegrationTestSetup/custom.xtt.conf.xml -s tests/XMP/XMP_XFW004/nai/naiTC002.xml
-c tests/XMP/XMP_XFW004/IntegrationTestSetup/custom.xtt.conf.xml -s tests/XMP/XMP_XFW004/nai/naiTC003.xml
-c tests/XMP/XMP_XFW004/IntegrationTestSetup/custom.xtt.conf.xml -s tests/XMP/XMP_XFW004/log/logTC001.xml
-c tests/XMP/XMP_XFW004/IntegrationTestSetup/custom.xtt.conf.xml -s tests/XMP/XMP_XFW004/log/logTC002.xml
-c tests/XMP/XMP_XFW004/IntegrationTestSetup/custom.xtt.conf.xml -s tests/XMP/XMP_XFW004/log/logTC003.xml
-c tests/XMP/XMP_XFW004/IntegrationTestSetup/custom.xtt.conf.xml -s tests/XMP/XMP_XFW004/log/logTC006.xml
-c tests/XMP/XMP_XFW004/IntegrationTestSetup/custom.xtt.conf.xml -s tests/XMP/XMP_XFW004/externalTracing/externalTC001.xml
-c tests/XMP/XMP_XFW004/IntegrationTestSetup/custom.xtt.conf.xml -s tests/XMP/XMP_XFW004/externalTracing/externalTC002.xml
-c tests/XMP/XMP_XFW004/IntegrationTestSetup/custom.xtt.conf.xml -s tests/XMP/XMP_XFW004/externalTracing/externalTC003.xml
-c tests/XMP/XMP_XFW004/IntegrationTestSetup/custom.xtt.conf.xml -s tests/XMP/XMP_XFW004/conv/convTC001.xml
-c tests/XMP/XMP_XFW004/IntegrationTestSetup/custom.xtt.conf.xml -s tests/XMP/XMP_XFW004/conv/convTC002.xml
-c tests/XMP/XMP_XFW004/IntegrationTestSetup/custom.xtt.conf.xml -s tests/XMP/XMP_XFW004/conv/convTC003.xml
-c tests/XMP/XMP_XFW004/IntegrationTestSetup/custom.xtt.conf.xml -s tests/XMP/XMP_XFW004/conv/convTC004.xml
-c tests/XMP/XMP_XFW004/IntegrationTestSetup/custom.xtt.conf.xml -s tests/XMP/XMP_XFW004/conv/convTC005.xml
-c tests/XMP/XMP_XFW004/IntegrationTestSetup/custom.xtt.conf.xml -s tests/XMP/XMP_XFW004/conv/convTC006.xml
-c tests/XMP/XMP_XFW004/IntegrationTestSetup/custom.xtt.conf.xml -s tests/XMP/XMP_XFW004/conv/convTC007.xml
-c tests/XMP/XMP_XFW004/IntegrationTestSetup/custom.xtt.conf.xml -s tests/XMP/XMP_XFW004/conv/convTC008.xml
-c tests/XMP/XMP_XFW004/IntegrationTestSetup/custom.xtt.conf.xml -s tests/XMP/XMP_XFW004/cookies/Cookies_HTTP_Test0001_Sub0001.xml
-c tests/XMP/XMP_XFW004/IntegrationTestSetup/custom.xtt.conf.xml -s tests/XMP/XMP_XFW004/cookies/Cookies_HTTP_Test0002_Sub0001.xml
-c tests/XMP/XMP_XFW004/IntegrationTestSetup/custom.xtt.conf.xml -s tests/XMP/XMP_XFW004/cookies/Cookies_HTTP_Test0002_Sub0002.xml
-c tests/XMP/XMP_XFW004/IntegrationTestSetup/custom.xtt.conf.xml -s tests/XMP/XMP_XFW004/cookies/Cookies_HTTP_Test0002_Sub0003.xml
-c tests/XMP/XMP_XFW004/IntegrationTestSetup/custom.xtt.conf.xml -s tests/XMP/XMP_XFW004/cookies/Cookies_HTTP_Test0003_Sub0001.xml
-c tests/XMP/XMP_XFW004/IntegrationTestSetup/custom.xtt.conf.xml -s tests/XMP/XMP_XFW004/cookies/Cookies_WAP1_Test0101_Sub0001.xml
-c tests/XMP/XMP_XFW004/IntegrationTestSetup/custom.xtt.conf.xml -s tests/XMP/XMP_XFW004/cookies/Cookies_WAP1_Test0102_Sub0001.xml
-c tests/XMP/XMP_XFW004/IntegrationTestSetup/custom.xtt.conf.xml -s tests/XMP/XMP_XFW004/cookies/Cookies_WAP1_Test0102_Sub0002.xml
-c tests/XMP/XMP_XFW004/IntegrationTestSetup/custom.xtt.conf.xml -s tests/XMP/XMP_XFW004/cookies/Cookies_WAP1_Test0102_Sub0003.xml
-c tests/XMP/XMP_XFW004/IntegrationTestSetup/custom.xtt.conf.xml -s tests/XMP/XMP_XFW004/cookies/Cookies_WAP1_Test0102_Sub0004.xml
-c tests/XMP/XMP_XFW004/IntegrationTestSetup/custom.xtt.conf.xml -s tests/XMP/XMP_XFW004/cookies/Cookies_WAP1_Test0102_Sub0005.xml
-c tests/XMP/XMP_XFW004/IntegrationTestSetup/custom.xtt.conf.xml -s tests/XMP/XMP_XFW004/cookies/Cookies_WAP1_Test0102_Sub0006.xml
-c tests/XMP/XMP_XFW004/IntegrationTestSetup/custom.xtt.conf.xml -s tests/XMP/XMP_XFW004/cookies/Cookies_WAP1_Test0102_Sub0007.xml
-c tests/XMP/XMP_XFW004/IntegrationTestSetup/custom.xtt.conf.xml -s tests/XMP/XMP_XFW004/cookies/Cookies_WAP1_Test0103_Sub0001.xml
-c tests/XMP/XMP_XFW004/IntegrationTestSetup/custom.xtt.conf.xml -s tests/XMP/XMP_XFW004/cookies/Cookies_WAP1_Test0103_Sub0002.xml
-c tests/XMP/XMP_XFW004/IntegrationTestSetup/custom.xtt.conf.xml -s tests/XMP/XMP_XFW004/cookies/Cookies_WAP1_Test0103_Sub0003.xml
-c tests/XMP/XMP_XFW004/IntegrationTestSetup/custom.xtt.conf.xml -s tests/XMP/XMP_XFW004/cookies/Cookies_WAP1_Test0103_Sub0004.xml
-c tests/XMP/XMP_XFW004/IntegrationTestSetup/custom.xtt.conf.xml -s tests/XMP/XMP_XFW004/cookies/Cookies_WAP1_Test0103_Sub0005.xml
-c tests/XMP/XMP_XFW004/IntegrationTestSetup/custom.xtt.conf.xml -s tests/XMP/XMP_XFW004/cookies/Cookies_WAP1_Test0103_Sub0006.xml
-c tests/XMP/XMP_XFW004/IntegrationTestSetup/custom.xtt.conf.xml -s tests/XMP/XMP_XFW004/cookies/Cookies_WAP1_Test0103_Sub0007.xml
-c tests/XMP/XMP_XFW004/IntegrationTestSetup/custom.xtt.conf.xml -s tests/XMP/XMP_XFW004/cookies/Cookies_WAP1_Test0104_Sub0001.xml
-c tests/XMP/XMP_XFW004/IntegrationTestSetup/custom.xtt.conf.xml -s tests/XMP/XMP_XFW004/cookies/Cookies_WAP1_Test0104_Sub0002.xml
-c tests/XMP/XMP_XFW004/IntegrationTestSetup/custom.xtt.conf.xml -s tests/XMP/XMP_XFW004/cookies/Cookies_WAP1_Test0104_Sub0003.xml
-c tests/XMP/XMP_XFW004/IntegrationTestSetup/custom.xtt.conf.xml -s tests/XMP/XMP_XFW004/cookies/Cookies_WAP1_Test0104_Sub0004.xml
-c tests/XMP/XMP_XFW004/IntegrationTestSetup/custom.xtt.conf.xml -s tests/XMP/XMP_XFW004/cookies/Cookies_WAP1_Test0104_Sub0005.xml
-c tests/XMP/XMP_XFW004/IntegrationTestSetup/custom.xtt.conf.xml -s tests/XMP/XMP_XFW004/cookies/Cookies_WAP1_Test0104_Sub0006.xml
-c tests/XMP/XMP_XFW004/IntegrationTestSetup/custom.xtt.conf.xml -s tests/XMP/XMP_XFW004/cookies/Cookies_WAP1_Test0105_Sub0001.xml
-c tests/XMP/XMP_XFW004/IntegrationTestSetup/custom.xtt.conf.xml -s tests/XMP/XMP_XFW004/cookies/Cookies_WAP1_Test0107_Sub0001.xml
-c tests/XMP/XMP_XFW004/IntegrationTestSetup/custom.xtt.conf.xml -s tests/XMP/XMP_XFW004/cookies/Cookies_WAP1_Test0107_Sub0006.xml
-c tests/XMP/XMP_XFW004/IntegrationTestSetup/custom.xtt.conf.xml -s tests/XMP/XMP_XFW004/cookies/Cookies_WAP1_Test0108_Sub0001.xml
-c tests/XMP/XMP_XFW004/IntegrationTestSetup/custom.xtt.conf.xml -s tests/XMP/XMP_XFW004/cookies/Cookies_WAP1_Test0108_Sub0003.xml
-c tests/XMP/XMP_XFW004/IntegrationTestSetup/custom.xtt.conf.xml -s tests/XMP/XMP_XFW004/cookies/Cookies_WAP1_Test0108_Sub0006.xml
-c tests/XMP/XMP_XFW004/IntegrationTestSetup/custom.xtt.conf.xml -s tests/XMP/XMP_XFW004/reqmod/reqmodTC001.xml
-c tests/XMP/XMP_XFW004/IntegrationTestSetup/custom.xtt.conf.xml -s tests/XMP/XMP_XFW004/reqmod/reqmodTC003a.xml
-c tests/XMP/XMP_XFW004/IntegrationTestSetup/custom.xtt.conf.xml -s tests/XMP/XMP_XFW004/reqmod/reqmodTC003b.xml
-c tests/XMP/XMP_XFW004/IntegrationTestSetup/custom.xtt.conf.xml -s tests/XMP/XMP_XFW004/reqmod/reqmodTC003c.xml
-c tests/XMP/XMP_XFW004/IntegrationTestSetup/custom.xtt.conf.xml -s tests/XMP/XMP_XFW004/reqmod/reqmodTC004.xml
-c tests/XMP/XMP_XFW004/IntegrationTestSetup/custom.xtt.conf.xml -s tests/XMP/XMP_XFW004/reqmod/reqmodTC005.xml
-c tests/XMP/XMP_XFW004/IntegrationTestSetup/custom.xtt.conf.xml -s tests/XMP/XMP_XFW004/reqmod/reqmodTC006.xml
-c tests/XMP/XMP_XFW004/IntegrationTestSetup/custom.xtt.conf.xml -s tests/XMP/XMP_XFW004/reqmod/reqmodTC007.xml
-c tests/XMP/XMP_XFW004/IntegrationTestSetup/custom.xtt.conf.xml -s tests/XMP/XMP_XFW004/reqmod/reqmodTC008.xml
-c tests/XMP/XMP_XFW004/IntegrationTestSetup/custom.xtt.conf.xml -s tests/XMP/XMP_XFW004/reqmod/reqmodTC009.xml
-c tests/XMP/XMP_XFW004/IntegrationTestSetup/custom.xtt.conf.xml -s tests/XMP/XMP_XFW004/reqmod/reqmodTC010.xml
-c tests/XMP/XMP_XFW004/IntegrationTestSetup/custom.xtt.conf.xml -s tests/XMP/XMP_XFW004/reqmod/reqmodTC011.xml
-c tests/XMP/XMP_XFW004/IntegrationTestSetup/custom.xtt.conf.xml -s tests/XMP/XMP_XFW004/reqmod/reqmodTC012.xml
-c tests/XMP/XMP_XFW004/IntegrationTestSetup/custom.xtt.conf.xml -s tests/XMP/XMP_XFW004/reqmod/reqmodTC013.xml
-c tests/XMP/XMP_XFW004/IntegrationTestSetup/custom.xtt.conf.xml -s tests/XMP/XMP_XFW004/reqmod/reqmodTC016.xml
-c tests/XMP/XMP_XFW004/IntegrationTestSetup/custom.xtt.conf.xml -s tests/XMP/XMP_XFW004/reqmod/reqmodTC017.xml
-c tests/XMP/XMP_XFW004/IntegrationTestSetup/custom.xtt.conf.xml -s tests/XMP/XMP_XFW004/reqmod/reqmodTC018a.xml
-c tests/XMP/XMP_XFW004/IntegrationTestSetup/custom.xtt.conf.xml -s tests/XMP/XMP_XFW004/reqmod/reqmodTC018b.xml
-c tests/XMP/XMP_XFW004/IntegrationTestSetup/custom.xtt.conf.xml -s tests/XMP/XMP_XFW004/reqmod/reqmodTC020.xml
-c tests/XMP/XMP_XFW004/IntegrationTestSetup/custom.xtt.conf.xml -s tests/XMP/XMP_XFW004/reqmod/reqmodTC021.xml
-c tests/XMP/XMP_XFW004/IntegrationTestSetup/custom.xtt.conf.xml -s tests/XMP/XMP_XFW004/reqmod/reqmodTC022.xml
-c tests/XMP/XMP_XFW004/IntegrationTestSetup/custom.xtt.conf.xml -s tests/XMP/XMP_XFW004/reqmod/reqmodTC999.xml
-c tests/XMP/XMP_XFW004/IntegrationTestSetup/custom.xtt.conf.xml -s tests/XMP/XMP_XFW004/xmpCache/xmpCacheTC001.xml
-c tests/XMP/XMP_XFW004/IntegrationTestSetup/custom.xtt.conf.xml -s tests/XMP/XMP_XFW004/xmpCache/xmpCacheTC002.xml
-c tests/XMP/XMP_XFW004/IntegrationTestSetup/custom.xtt.conf.xml -s tests/XMP/XMP_XFW004/xmpCache/xmpCacheTC002b.xml
-c tests/XMP/XMP_XFW004/IntegrationTestSetup/custom.xtt.conf.xml -s tests/XMP/XMP_XFW004/xmpCache/xmpCacheTC002c.xml
-c tests/XMP/XMP_XFW004/IntegrationTestSetup/custom.xtt.conf.xml -s tests/XMP/XMP_XFW004/xmpCache/xmpCacheTC003.xml
-c tests/XMP/XMP_XFW004/IntegrationTestSetup/custom.xtt.conf.xml -s tests/XMP/XMP_XFW004/xmpCache/xmpCacheTC004.xml
-c tests/XMP/XMP_XFW004/IntegrationTestSetup/custom.xtt.conf.xml -s tests/XMP/XMP_XFW004/xmpCache/xmpCacheTC004b.xml
-c tests/XMP/XMP_XFW004/IntegrationTestSetup/custom.xtt.conf.xml -s tests/XMP/XMP_XFW004/xmpCache/xmpCacheTC004c.xml
-c tests/XMP/XMP_XFW004/IntegrationTestSetup/custom.xtt.conf.xml -s tests/XMP/XMP_XFW004/xmpCache/xmpCacheTC005.xml
-c tests/XMP/XMP_XFW004/IntegrationTestSetup/custom.xtt.conf.xml -s tests/XMP/XMP_XFW004/xmpCache/xmpCacheTC005b.xml
-c tests/XMP/XMP_XFW004/IntegrationTestSetup/custom.xtt.conf.xml -s tests/XMP/XMP_XFW004/xmpCache/xmpCacheTC005c.xml
-c tests/XMP/XMP_XFW004/IntegrationTestSetup/custom.xtt.conf.xml -s tests/XMP/XMP_XFW004/xmpCache/xmpCacheTC006.xml
-c tests/XMP/XMP_XFW004/IntegrationTestSetup/custom.xtt.conf.xml -s tests/XMP/XMP_XFW004/xmpCache/xmpCacheTC007.xml
-c tests/XMP/XMP_XFW004/IntegrationTestSetup/custom.xtt.conf.xml -s tests/XMP/XMP_XFW004/xmpCache/xmpCacheTC008.xml
-c tests/XMP/XMP_XFW004/IntegrationTestSetup/custom.xtt.conf.xml -s tests/XMP/XMP_XFW004/xmpCache/xmpCacheTC010.xml
-c tests/XMP/XMP_XFW004/IntegrationTestSetup/custom.xtt.conf.xml -s tests/XMP/XMP_XFW004/xmpPrefetch/xmpPrefetchTC001.xml
-c tests/XMP/XMP_XFW004/IntegrationTestSetup/custom.xtt.conf.xml -s tests/XMP/XMP_XFW004/xmpPrefetch/xmpPrefetchTC002.xml
-c tests/XMP/XMP_XFW004/IntegrationTestSetup/custom.xtt.conf.xml -s tests/XMP/XMP_XFW004/xmpPrefetch/xmpPrefetchTC003.xml
-c tests/XMP/XMP_XFW004/IntegrationTestSetup/custom.xtt.conf.xml -s tests/XMP/XMP_XFW004/xmpPrefetch/xmpPrefetchTC004.xml
-c tests/XMP/XMP_XFW004/IntegrationTestSetup/custom.xtt.conf.xml -s tests/XMP/XMP_XFW004/xmpPrefetch/xmpPrefetchTC005.xml
-c tests/XMP/XMP_XFW004/IntegrationTestSetup/custom.xtt.conf.xml -s tests/XMP/XMP_XFW004/xmpPrefetch/xmpPrefetchTC006.xml
-c tests/XMP/XMP_XFW004/IntegrationTestSetup/custom.xtt.conf.xml -s tests/XMP/XMP_XFW004/xmpPrefetch/xmpPrefetchTC007.xml
-c tests/XMP/XMP_XFW004/IntegrationTestSetup/custom.xtt.conf.xml -s tests/XMP/XMP_XFW004/xmpPrefetch/xmpPrefetchTC008.xml
-c tests/XMP/XMP_XFW004/IntegrationTestSetup/custom.xtt.conf.xml -s tests/XMP/XMP_XFW004/xmpPrefetch/xmpPrefetchTC009.xml
-c tests/XMP/XMP_XFW004/IntegrationTestSetup/custom.xtt.conf.xml -s tests/XMP/XMP_XFW004/xmpPrefetch/xmpPrefetchTC010.xml
-c tests/XMP/XMP_XFW004/IntegrationTestSetup/custom.xtt.conf.xml -s tests/XMP/XMP_XFW004/xmpMultipart/xmpMultipartTC001.xml
-c tests/XMP/XMP_XFW004/IntegrationTestSetup/custom.xtt.conf.xml -s tests/XMP/XMP_XFW004/xmpMultipart/xmpMultipartTC002.xml
-c tests/XMP/XMP_XFW004/IntegrationTestSetup/custom.xtt.conf.xml -s tests/XMP/XMP_XFW004/xmpMultipart/xmpMultipartTC003.xml
-c tests/XMP/XMP_XFW004/IntegrationTestSetup/custom.xtt.conf.xml -s tests/XMP/XMP_XFW004/xmpMultipart/xmpMultipartTC005.xml
-c tests/XMP/XMP_XFW004/IntegrationTestSetup/custom.xtt.conf.xml -s tests/XMP/XMP_XFW004/xmpPersistant/xmpPersistantTC001.xml
-c tests/XMP/XMP_XFW004/IntegrationTestSetup/custom.xtt.conf.xml -s tests/XMP/XMP_XFW004/xmpPersistant/xmpPersistantTC002.xml
-c tests/XMP/XMP_XFW004/IntegrationTestSetup/custom.xtt.conf.xml -s tests/XMP/XMP_XFW004/xmpCompression/xmpCompressionTC001.xml
-c tests/XMP/XMP_XFW004/IntegrationTestSetup/custom.xtt.conf.xml -s tests/XMP/XMP_XFW004/xmpCompression/xmpCompressionTC002.xml
-c tests/XMP/XMP_XFW004/IntegrationTestSetup/custom.xtt.conf.xml -s tests/XMP/XMP_XFW004/security/securityTC001.xml
-c tests/XMP/XMP_XFW004/IntegrationTestSetup/custom.xtt.conf.xml -s tests/XMP/XMP_XFW004/security/securityTC002.xml
-c tests/XMP/XMP_XFW004/IntegrationTestSetup/custom.xtt.conf.xml -s tests/XMP/XMP_XFW004/security/securityTC003.xml
-c tests/XMP/XMP_XFW004/IntegrationTestSetup/custom.xtt.conf.xml -s tests/XMP/XMP_XFW004/xmpICAP/xmpICAPTC001.xml
-c tests/XMP/XMP_XFW004/IntegrationTestSetup/custom.xtt.conf.xml -s tests/XMP/XMP_XFW004/xmpICAP/xmpICAPTC002.xml
-c tests/XMP/XMP_XFW004/IntegrationTestSetup/custom.xtt.conf.xml -s tests/XMP/XMP_XFW004/xmpICAP/xmpICAPTC003.xml
-c tests/XMP/XMP_XFW004/IntegrationTestSetup/custom.xtt.conf.xml -s tests/XMP/XMP_XFW004/xmpICAP/xmpICAPTC004.xml
-c tests/XMP/XMP_XFW004/IntegrationTestSetup/custom.xtt.conf.xml -s tests/XMP/XMP_XFW004/xmpICAP/xmpICAPTC005.xml
-c tests/XMP/XMP_XFW004/IntegrationTestSetup/custom.xtt.conf.xml -s tests/XMP/XMP_XFW004/xmpICAP/xmpICAPTC006.xml
-c tests/XMP/XMP_XFW004/IntegrationTestSetup/custom.xtt.conf.xml -s tests/XMP/XMP_XFW004/xmpICAP/xmpICAPTC007.xml
-c tests/XMP/XMP_XFW004/IntegrationTestSetup/custom.xtt.conf.xml -s tests/XMP/XMP_XFW004/xmpICAP/xmpICAPTC008.xml
-c tests/XMP/XMP_XFW004/IntegrationTestSetup/custom.xtt.conf.xml -s tests/XMP/XMP_XFW004/xmpICAP/xmpICAPTC009.xml
-c tests/XMP/XMP_XFW004/IntegrationTestSetup/custom.xtt.conf.xml -s tests/XMP/XMP_XFW004/xmpICAP/xmpICAPTC010.xml
-c tests/XMP/XMP_XFW004/IntegrationTestSetup/custom.xtt.conf.xml -s tests/XMP/XMP_XFW004/xmpICAP/xmpICAPTC011.xml
-c tests/XMP/XMP_XFW004/IntegrationTestSetup/custom.xtt.conf.xml -s tests/XMP/XMP_XFW004/xmpICAP/xmpICAPTC012.xml
-c tests/XMP/XMP_XFW004/IntegrationTestSetup/custom.xtt.conf.xml -s tests/XMP/XMP_XFW004/xmpICAP/xmpICAPTC013.xml
-c tests/XMP/XMP_XFW004/IntegrationTestSetup/custom.xtt.conf.xml -s tests/XMP/XMP_XFW004/xmpICAP/xmpICAPTC014.xml
-c tests/XMP/XMP_XFW004/IntegrationTestSetup/custom.xtt.conf.xml -s tests/XMP/XMP_XFW004/xmpICAP/xmpICAPTC017.xml
-c tests/XMP/XMP_XFW004/IntegrationTestSetup/custom.xtt.conf.xml -s tests/XMP/XMP_XFW004/xmpICAP/xmpICAPTC018.xml
-c tests/XMP/XMP_XFW004/IntegrationTestSetup/custom.xtt.conf.xml -s tests/XMP/XMP_XFW004/xmpICAP/xmpICAPTC019.xml
-c tests/XMP/XMP_XFW004/IntegrationTestSetup/custom.xtt.conf.xml -s tests/XMP/XMP_XFW004/xmpICAP/xmpICAPTC020.xml
-c tests/XMP/XMP_XFW004/IntegrationTestSetup/custom.xtt.conf.xml -s tests/XMP/XMP_XFW004/xmpICAP/xmpICAPTC021.xml
-c tests/XMP/XMP_XFW004/IntegrationTestSetup/custom.xtt.conf.xml -s tests/XMP/XMP_XFW004/xmpICAP/xmpICAPTC022.xml
-c tests/XMP/XMP_XFW004/IntegrationTestSetup/custom.xtt.conf.xml -s tests/XMP/XMP_XFW004/xmpICAP/xmpICAPTC023.xml
-c tests/XMP/XMP_XFW004/IntegrationTestSetup/custom.xtt.conf.xml -s tests/XMP/XMP_XFW004/xmpICAP/xmpICAPTC024.xml
-c tests/XMP/XMP_XFW004/IntegrationTestSetup/custom.xtt.conf.xml -s tests/XMP/XMP_XFW004/xmpICAP/xmpICAPTC025.xml
-c tests/XMP/XMP_XFW004/IntegrationTestSetup/custom.xtt.conf.xml -s tests/XMP/XMP_XFW004/xmpICAP/xmpICAPTC026.xml
-c tests/XMP/XMP_XFW004/IntegrationTestSetup/custom.xtt.conf.xml -s tests/XMP/XMP_XFW004/xmpICAP/xmpICAPTC027.xml
-c tests/XMP/XMP_XFW004/IntegrationTestSetup/custom.xtt.conf.xml -s tests/XMP/XMP_XFW004/xmpICAP/xmpICAPTC028.xml
-c tests/XMP/XMP_XFW004/IntegrationTestSetup/custom.xtt.conf.xml -s tests/XMP/XMP_XFW004/xmpICAP/xmpICAPTC029.xml
-c tests/XMP/XMP_XFW004/IntegrationTestSetup/custom.xtt.conf.xml -s tests/XMP/XMP_XFW004/xmpICAP/xmpICAPTC030.xml
-c tests/XMP/XMP_XFW004/IntegrationTestSetup/custom.xtt.conf.xml -s tests/XMP/XMP_XFW004/xmpICAP/xmpICAPTC031.xml
-c tests/XMP/XMP_XFW004/IntegrationTestSetup/custom.xtt.conf.xml -s tests/XMP/XMP_XFW004/xmpICAP/xmpICAPTC032.xml
-c tests/XMP/XMP_XFW004/IntegrationTestSetup/custom.xtt.conf.xml -s tests/XMP/XMP_XFW004/xmpICAP/xmpICAPTC033.xml
-c tests/XMP/XMP_XFW004/IntegrationTestSetup/custom.xtt.conf.xml -s tests/XMP/XMP_XFW004/xmpICAP/xmpICAPTC034.xml
-c tests/XMP/XMP_XFW004/IntegrationTestSetup/custom.xtt.conf.xml -s tests/XMP/XMP_XFW004/xmpICAP/xmpICAPTC035.xml
-c tests/XMP/XMP_XFW004/IntegrationTestSetup/custom.xtt.conf.xml -s tests/XMP/XMP_XFW004/xmpICAP/xmpICAPTC036.xml
-c tests/XMP/XMP_XFW004/IntegrationTestSetup/custom.xtt.conf.xml -s tests/XMP/XMP_XFW004/xmpICAP/xmpICAPTC037.xml
-c tests/XMP/XMP_XFW004/IntegrationTestSetup/custom.xtt.conf.xml -s tests/XMP/XMP_XFW004/BlueCoatIntegration/BlueCoatIntegration.TC.000.xml
-c tests/XMP/XMP_XFW004/IntegrationTestSetup/custom.xtt.conf.xml -s tests/XMP/XMP_XFW004/BlueCoatIntegration/BlueCoatIntegration.TC.001.xml
-c tests/XMP/XMP_XFW004/IntegrationTestSetup/custom.xtt.conf.xml -s tests/XMP/XMP_XFW004/BlueCoatIntegration/BlueCoatIntegration.TC.002.xml
-c tests/XMP/XMP_XFW004/IntegrationTestSetup/custom.xtt.conf.xml -s tests/XMP/XMP_XFW004/BlueCoatIntegration/BlueCoatIntegration.TC.003.xml
-c tests/XMP/XMP_XFW004/IntegrationTestSetup/custom.xtt.conf.xml -s tests/XMP/XMP_XFW004/BlueCoatIntegration/BlueCoatIntegration.TC.004.xml
-c tests/XMP/XMP_XFW004/IntegrationTestSetup/custom.xtt.conf.xml -s tests/XMP/XMP_XFW004/BlueCoatIntegration/BlueCoatIntegration.TC.005.xml
-c tests/XMP/XMP_XFW004/IntegrationTestSetup/custom.xtt.conf.xml -s tests/XMP/XMP_XFW004/BlueCoatIntegration/BlueCoatIntegration.TC.006.xml
-c tests/XMP/XMP_XFW004/IntegrationTestSetup/custom.xtt.conf.xml -s tests/XMP/XMP_XFW004/BlueCoatIntegration/BlueCoatIntegration.TC.007.xml
-c tests/XMP/XMP_XFW004/IntegrationTestSetup/custom.xtt.conf.xml -s tests/XMP/XMP_XFW004/BlueCoatIntegration/BlueCoatIntegration.TC.008.xml
-c tests/XMP/XMP_XFW004/IntegrationTestSetup/custom.xtt.conf.xml -s tests/XMP/XMP_XFW004/BlueCoatIntegration/BlueCoatIntegration.TC.009.xml
-c tests/XMP/XMP_XFW004/IntegrationTestSetup/custom.xtt.conf.xml -s tests/XMP/XMP_XFW004/BlueCoatIntegration/BlueCoatIntegration.TC.010.xml
-c tests/XMP/XMP_XFW004/IntegrationTestSetup/custom.xtt.conf.xml -s tests/XMP/XMP_XFW004/BlueCoatIntegration/BlueCoatIntegration.TC.011.xml
-c tests/XMP/XMP_XFW004/IntegrationTestSetup/custom.xtt.conf.xml -s tests/XMP/XMP_XFW004/BlueCoatIntegration/BlueCoatIntegration.TC.012.xml
-c tests/XMP/XMP_XFW004/IntegrationTestSetup/custom.xtt.conf.xml -s tests/XMP/XMP_XFW004/BlueCoatIntegration/BlueCoatIntegration.TC.013.xml
-c tests/XMP/XMP_XFW004/IntegrationTestSetup/custom.xtt.conf.xml -s tests/XMP/XMP_XFW004/BlueCoatIntegration/BlueCoatIntegration.TC.014.xml
-c tests/XMP/XMP_XFW004/IntegrationTestSetup/custom.xtt.conf.xml -s tests/XMP/XMP_XFW004/BlueCoatIntegration/BlueCoatIntegration.TC.015.xml
-c tests/XMP/XMP_XFW004/IntegrationTestSetup/custom.xtt.conf.xml -s tests/XMP/XMP_XFW004/BlueCoatIntegration/BlueCoatIntegration.TC.016.xml
-c tests/XMP/XMP_XFW004/IntegrationTestSetup/custom.xtt.conf.xml -s tests/XMP/XMP_XFW004/BlueCoatIntegration/BlueCoatIntegration.TC.017.xml
-c tests/XMP/XMP_XFW004/IntegrationTestSetup/custom.xtt.conf.xml -s tests/XMP/XMP_XFW004/BlueCoatIntegration/BlueCoatIntegration.TC.018.xml
-c tests/XMP/XMP_XFW004/IntegrationTestSetup/custom.xtt.conf.xml -s tests/XMP/XMP_XFW004/BlueCoatIntegration/BlueCoatIntegration.TC.019.xml
-c tests/XMP/XMP_XFW004/IntegrationTestSetup/custom.xtt.conf.xml -s tests/XMP/XMP_XFW004/BlueCoatIntegration/BlueCoatIntegration.TC.020.xml
-c tests/XMP/XMP_XFW004/IntegrationTestSetup/custom.xtt.conf.xml -s tests/XMP/XMP_XFW004/BlueCoatIntegration/BlueCoatIntegration.TC.021.xml
-c tests/XMP/XMP_XFW004/IntegrationTestSetup/custom.xtt.conf.xml -s tests/XMP/XMP_XFW004/BlueCoatIntegration/BlueCoatIntegration.TC.022.xml
-c tests/XMP/XMP_XFW004/IntegrationTestSetup/custom.xtt.conf.xml -s tests/XMP/XMP_XFW004/BlueCoatIntegration/BlueCoatIntegration.TC.023.xml
-c tests/XMP/XMP_XFW004/IntegrationTestSetup/custom.xtt.conf.xml -s tests/XMP/XMP_XFW004/BlueCoatIntegration/BlueCoatIntegration.TC.024.xml
-c tests/XMP/XMP_XFW004/IntegrationTestSetup/custom.xtt.conf.xml -s tests/XMP/XMP_XFW004/BlueCoatIntegration/BlueCoatIntegration.TC.025.xml
-c tests/XMP/XMP_XFW004/IntegrationTestSetup/custom.xtt.conf.xml -s tests/XMP/XMP_XFW004/BlueCoatIntegration/BlueCoatIntegration.TC.026.xml
-c tests/XMP/XMP_XFW004/IntegrationTestSetup/custom.xtt.conf.xml -s tests/XMP/XMP_XFW004/BlueCoatIntegration/BlueCoatIntegration.TC.027.xml
-c tests/XMP/XMP_XFW004/IntegrationTestSetup/custom.xtt.conf.xml -s tests/XMP/XMP_XFW004/BlueCoatIntegration/BlueCoatIntegration.TC.028.xml
-c tests/XMP/XMP_XFW004/IntegrationTestSetup/custom.xtt.conf.xml -s tests/XMP/XMP_XFW004/BlueCoatIntegration/BlueCoatIntegration.TC.029.xml
-c tests/XMP/XMP_XFW004/IntegrationTestSetup/custom.xtt.conf.xml -s tests/XMP/XMP_XFW004/BlueCoatIntegration/BlueCoatIntegration.TC.030.xml
-c tests/XMP/XMP_XFW004/IntegrationTestSetup/custom.xtt.conf.xml -s tests/XMP/XMP_XFW004/BlueCoatIntegration/BlueCoatIntegration.TC.031.xml
-c tests/XMP/XMP_XFW004/IntegrationTestSetup/custom.xtt.conf.xml -s tests/XMP/XMP_XFW004/BlueCoatIntegration/BlueCoatIntegration.TC.032.xml
-c tests/XMP/XMP_XFW004/IntegrationTestSetup/custom.xtt.conf.xml -s tests/XMP/XMP_XFW004/BlueCoatIntegration/BlueCoatIntegration.TC.033.xml
-c tests/XMP/XMP_XFW004/IntegrationTestSetup/custom.xtt.conf.xml -s tests/XMP/XMP_XFW004/BlueCoatIntegration/BlueCoatIntegration.TC.034.xml
-c tests/XMP/XMP_XFW004/IntegrationTestSetup/custom.xtt.conf.xml -s tests/XMP/XMP_XFW004/BlueCoatIntegration/BlueCoatIntegration.TC.035.xml
-c tests/XMP/XMP_XFW004/IntegrationTestSetup/custom.xtt.conf.xml -s tests/XMP/XMP_XFW004/BlueCoatIntegration/BlueCoatIntegration.TC.999.xml
-c tests/XMP/XMP_XFW004/IntegrationTestSetup/custom.xtt.conf.xml -s tests/XMP/XMP_XFW004/Advertisement/Banner/BannerIntegration.TC.000.xml
-c tests/XMP/XMP_XFW004/IntegrationTestSetup/custom.xtt.conf.xml -s tests/XMP/XMP_XFW004/Advertisement/Banner/BannerAdvertisement.TC.001.xml
-c tests/XMP/XMP_XFW004/IntegrationTestSetup/custom.xtt.conf.xml -s tests/XMP/XMP_XFW004/Advertisement/Banner/BannerAdvertisement.TC.002.xml
-c tests/XMP/XMP_XFW004/IntegrationTestSetup/custom.xtt.conf.xml -s tests/XMP/XMP_XFW004/Advertisement/Banner/BannerAdvertisement.TC.004.xml
-c tests/XMP/XMP_XFW004/IntegrationTestSetup/custom.xtt.conf.xml -s tests/XMP/XMP_XFW004/Advertisement/Banner/BannerIntegration.TC.999.xml
-c tests/XMP/XMP_XFW004/IntegrationTestSetup/custom.xtt.conf.xml -s tests/XMP/XMP_XFW004/Advertisement/Interstitial/InterstitialAdvertisement.Integration.TC.000.xml
-c tests/XMP/XMP_XFW004/IntegrationTestSetup/custom.xtt.conf.xml -s tests/XMP/XMP_XFW004/Advertisement/Interstitial/InterstitialAdvertisement.TC.001.xml
-c tests/XMP/XMP_XFW004/IntegrationTestSetup/custom.xtt.conf.xml -s tests/XMP/XMP_XFW004/Advertisement/Interstitial/InterstitialAdvertisement.TC.002.xml
-c tests/XMP/XMP_XFW004/IntegrationTestSetup/custom.xtt.conf.xml -s tests/XMP/XMP_XFW004/Advertisement/Interstitial/InterstitialAdvertisement.TC.004.xml
-c tests/XMP/XMP_XFW004/IntegrationTestSetup/custom.xtt.conf.xml -s tests/XMP/XMP_XFW004/Advertisement/Interstitial/InterstitialAdvertisement.TC.005.xml
-c tests/XMP/XMP_XFW004/IntegrationTestSetup/custom.xtt.conf.xml -s tests/XMP/XMP_XFW004/Advertisement/Interstitial/InterstitialAdvertisement.TC.006.xml
-c tests/XMP/XMP_XFW004/IntegrationTestSetup/custom.xtt.conf.xml -s tests/XMP/XMP_XFW004/Advertisement/Interstitial/InterstitialAdvertisement.TC.007.xml
-c tests/XMP/XMP_XFW004/IntegrationTestSetup/custom.xtt.conf.xml -s tests/XMP/XMP_XFW004/Advertisement/Interstitial/InterstitialAdvertisement.TC.008.xml
-c tests/XMP/XMP_XFW004/IntegrationTestSetup/custom.xtt.conf.xml -s tests/XMP/XMP_XFW004/Advertisement/Interstitial/InterstitialAdvertisement.TC.009.xml
-c tests/XMP/XMP_XFW004/IntegrationTestSetup/custom.xtt.conf.xml -s tests/XMP/XMP_XFW004/Advertisement/Interstitial/InterstitialAdvertisement.TC.010.xml
-c tests/XMP/XMP_XFW004/IntegrationTestSetup/custom.xtt.conf.xml -s tests/XMP/XMP_XFW004/Advertisement/Interstitial/InterstitialAdvertisement.TC.012.xml
-c tests/XMP/XMP_XFW004/IntegrationTestSetup/custom.xtt.conf.xml -s tests/XMP/XMP_XFW004/Advertisement/Interstitial/InterstitialAdvertisement.TC.014.xml
-c tests/XMP/XMP_XFW004/IntegrationTestSetup/custom.xtt.conf.xml -s tests/XMP/XMP_XFW004/Advertisement/Interstitial/InterstitialAdvertisement.Integration.TC.999.xml
-c tests/XMP/XMP_XFW004/IntegrationTestSetup/custom.xtt.conf.xml -s tests/XMP/XMP_XFW004/WebDAV/Non-Transparent/WebDAVSupport.TC.001.xml
-c tests/XMP/XMP_XFW004/IntegrationTestSetup/custom.xtt.conf.xml -s tests/XMP/XMP_XFW004/WebDAV/Non-Transparent/WebDAVSupport.TC.002.xml
-c tests/XMP/XMP_XFW004/IntegrationTestSetup/custom.xtt.conf.xml -s tests/XMP/XMP_XFW004/WebDAV/Non-Transparent/WebDAVSupport.TC.003.xml
-c tests/XMP/XMP_XFW004/IntegrationTestSetup/custom.xtt.conf.xml -s tests/XMP/XMP_XFW004/WebDAV/Non-Transparent/WebDAVSupport.TC.004.xml
-c tests/XMP/XMP_XFW004/IntegrationTestSetup/custom.xtt.conf.xml -s tests/XMP/XMP_XFW004/WebDAV/Non-Transparent/WebDAVSupport.TC.004a.xml
-c tests/XMP/XMP_XFW004/IntegrationTestSetup/custom.xtt.conf.xml -s tests/XMP/XMP_XFW004/WebDAV/Non-Transparent/WebDAVSupport.TC.005.xml
-c tests/XMP/XMP_XFW004/IntegrationTestSetup/custom.xtt.conf.xml -s tests/XMP/XMP_XFW004/WebDAV/Non-Transparent/WebDAVSupport.TC.006.xml
-c tests/XMP/XMP_XFW004/IntegrationTestSetup/custom.xtt.conf.xml -s tests/XMP/XMP_XFW004/WebDAV/Non-Transparent/WebDAVSupport.TC.007.xml
-c tests/XMP/XMP_XFW004/IntegrationTestSetup/custom.xtt.conf.xml -s tests/XMP/XMP_XFW004/WebDAV/Non-Transparent/WebDAVSupport.TC.008.xml
-c tests/XMP/XMP_XFW004/IntegrationTestSetup/custom.xtt.conf.xml -s tests/XMP/XMP_XFW004/WebDAV/Non-Transparent/WebDAVSupport.TC.009.xml
-c tests/XMP/XMP_XFW004/IntegrationTestSetup/custom.xtt.conf.xml -s tests/XMP/XMP_XFW004/WebDAV/Non-Transparent/WebDAVSupport.TC.010.xml
-c tests/XMP/XMP_XFW004/IntegrationTestSetup/custom.xtt.conf.xml -s tests/XMP/XMP_XFW004/WebDAV/Non-Transparent/WebDAVSupport.TC.011.xml
-c tests/XMP/XMP_XFW004/IntegrationTestSetup/custom.xtt.conf.xml -s tests/XMP/XMP_XFW004/WebDAV/Non-Transparent/WebDAVSupport.TC.012.xml
-c tests/XMP/XMP_XFW004/IntegrationTestSetup/custom.xtt.conf.xml -s tests/XMP/XMP_XFW004/WebDAV/Non-Transparent/WebDAVSupport.TC.013.xml
-c tests/XMP/XMP_XFW004/IntegrationTestSetup/custom.xtt.conf.xml -s tests/XMP/XMP_XFW004/WebDAV/Non-Transparent/WebDAVSupport.TC.014.xml
-c tests/XMP/XMP_XFW004/IntegrationTestSetup/custom.xtt.conf.xml -s tests/XMP/XMP_XFW004/WebDAV/Non-Transparent/WebDAVSupport.TC.015.xml
-c tests/XMP/XMP_XFW004/IntegrationTestSetup/custom.xtt.conf.xml -s tests/XMP/XMP_XFW004/WebDAV/Non-Transparent/WebDAVSupport.TC.016.xml
-c tests/XMP/XMP_XFW004/IntegrationTestSetup/custom.xtt.conf.xml -s tests/XMP/XMP_XFW004/WebDAV/Non-Transparent/WebDAVSupport.TC.017.xml
-c tests/XMP/XMP_XFW004/IntegrationTestSetup/custom.xtt.conf.xml -s tests/XMP/XMP_XFW004/WebDAV/Non-Transparent/WebDAVSupport.TC.018.xml
-c tests/XMP/XMP_XFW004/IntegrationTestSetup/custom.xtt.conf.xml -s tests/XMP/XMP_XFW004/WebDAV/Non-Transparent/WebDAVSupport.TC.019.xml
-c tests/XMP/XMP_XFW004/IntegrationTestSetup/custom.xtt.conf.xml -s tests/XMP/XMP_XFW004/WebDAV/Non-Transparent/WebDAVSupport.TC.020.xml #JAVA_MEM=-Xms512m -Xmx512m
-c tests/XMP/XMP_XFW004/IntegrationTestSetup/custom.xtt.conf.xml -s tests/XMP/XMP_XFW004/LDAPSupport/LDAPIntegration.TC.000.xml
-c tests/XMP/XMP_XFW004/IntegrationTestSetup/custom.xtt.conf.xml -s tests/XMP/XMP_XFW004/LDAPSupport/LDAPSupport.TC.001.xml
-c tests/XMP/XMP_XFW004/IntegrationTestSetup/custom.xtt.conf.xml -s tests/XMP/XMP_XFW004/LDAPSupport/LDAPSupport.TC.002.xml
-c tests/XMP/XMP_XFW004/IntegrationTestSetup/custom.xtt.conf.xml -s tests/XMP/XMP_XFW004/LDAPSupport/LDAPSupport.TC.003.xml
-c tests/XMP/XMP_XFW004/IntegrationTestSetup/custom.xtt.conf.xml -s tests/XMP/XMP_XFW004/LDAPSupport/LDAPSupport.TC.004.xml
-c tests/XMP/XMP_XFW004/IntegrationTestSetup/custom.xtt.conf.xml -s tests/XMP/XMP_XFW004/LDAPSupport/LDAPSupport.TC.005.xml
-c tests/XMP/XMP_XFW004/IntegrationTestSetup/custom.xtt.conf.xml -s tests/XMP/XMP_XFW004/LDAPSupport/LDAPSupport.TC.006.xml
-c tests/XMP/XMP_XFW004/IntegrationTestSetup/custom.xtt.conf.xml -s tests/XMP/XMP_XFW004/LDAPSupport/LDAPSupport.TC.007.xml
-c tests/XMP/XMP_XFW004/IntegrationTestSetup/custom.xtt.conf.xml -s tests/XMP/XMP_XFW004/LDAPSupport/LDAPSupport.TC.008.xml
-c tests/XMP/XMP_XFW004/IntegrationTestSetup/custom.xtt.conf.xml -s tests/XMP/XMP_XFW004/LDAPSupport/LDAPIntegration.TC.999.xml
-c tests/XMP/XMP_XFW004/IntegrationTestSetup/custom.xtt.conf.xml -s tests/XMP/XMP_XFW004/PSEWebServiceAPI/PSEWebServiceAPI.TC001.xml
-c tests/XMP/XMP_XFW004/IntegrationTestSetup/custom.xtt.conf.xml -s tests/XMP/XMP_XFW004/PSEWebServiceAPI/PSEWebServiceAPI.TC002.xml
-c tests/XMP/XMP_XFW004/IntegrationTestSetup/custom.xtt.conf.xml -s tests/XMP/XMP_XFW004/PSEWebServiceAPI/PSEWebServiceAPI.TC003.xml
-c tests/XMP/XMP_XFW004/IntegrationTestSetup/custom.xtt.conf.xml -s tests/XMP/XMP_XFW004/PSEWebServiceAPI/PSEWebServiceAPI.TC004.xml
-c tests/XMP/XMP_XFW004/IntegrationTestSetup/custom.xtt.conf.xml -s tests/XMP/XMP_XFW004/PSEWebServiceAPI/PSEWebServiceAPI.TC005.xml
-c tests/XMP/XMP_XFW004/IntegrationTestSetup/custom.xtt.conf.xml -s tests/XMP/XMP_XFW004/PSEWebServiceAPI/PSEWebServiceAPI.TC006.xml
-c tests/XMP/XMP_XFW004/IntegrationTestSetup/custom.xtt.conf.xml -s tests/XMP/XMP_XFW004/PSEWebServiceAPI/PSEWebServiceAPI.TC006a.xml
-c tests/XMP/XMP_XFW004/IntegrationTestSetup/custom.xtt.conf.xml -s tests/XMP/XMP_XFW004/PSEWebServiceAPI/PSEWebServiceAPI.TC006b.xml
-c tests/XMP/XMP_XFW004/IntegrationTestSetup/custom.xtt.conf.xml -s tests/XMP/XMP_XFW004/PSEWebServiceAPI/PSEWebServiceAPI.TC007.xml
-c tests/XMP/XMP_XFW004/IntegrationTestSetup/custom.xtt.conf.xml -s tests/XMP/XMP_XFW004/PSEWebServiceAPI/PSEWebServiceAPI.TC008.xml
-c tests/XMP/XMP_XFW004/IntegrationTestSetup/custom.xtt.conf.xml -s tests/XMP/XMP_XFW004/PSEWebServiceAPI/PSEWebServiceAPI.TC009.xml
-c tests/XMP/XMP_XFW004/IntegrationTestSetup/custom.xtt.conf.xml -s tests/XMP/XMP_XFW004/REQMODEnhancements/REQMODEnhancements.TC.001a.xml
-c tests/XMP/XMP_XFW004/IntegrationTestSetup/custom.xtt.conf.xml -s tests/XMP/XMP_XFW004/REQMODEnhancements/REQMODEnhancements.TC.001b.xml
-c tests/XMP/XMP_XFW004/IntegrationTestSetup/custom.xtt.conf.xml -s tests/XMP/XMP_XFW004/REQMODEnhancements/REQMODEnhancements.TC.002.xml
-c tests/XMP/XMP_XFW004/IntegrationTestSetup/custom.xtt.conf.xml -s tests/XMP/XMP_XFW004/REQMODEnhancements/REQMODEnhancements.TC.003.xml
-c tests/XMP/XMP_XFW004/IntegrationTestSetup/custom.xtt.conf.xml -s tests/XMP/XMP_XFW004/REQMODEnhancements/REQMODEnhancements.TC.004.xml
-c tests/XMP/XMP_XFW004/IntegrationTestSetup/custom.xtt.conf.xml -s tests/XMP/XMP_XFW004/REQMODEnhancements/REQMODEnhancements.TC.005.xml
-c tests/XMP/XMP_XFW004/IntegrationTestSetup/custom.xtt.conf.xml -s tests/XMP/XMP_XFW004/REQMODEnhancements/REQMODEnhancements.TC.006.xml
-c tests/XMP/XMP_XFW004/IntegrationTestSetup/custom.xtt.conf.xml -s tests/XMP/XMP_XFW004/Kaspersky/KasperskyVirusScanningIntegration.TC.004.xml
-c tests/XMP/XMP_XFW004/IntegrationTestSetup/custom.xtt.conf.xml -s tests/XMP/XMP_XFW004/Kaspersky/KasperskyVirusScanningIntegration.TC.005.xml
-c tests/XMP/XMP_XFW004/IntegrationTestSetup/custom.xtt.conf.xml -s tests/XMP/XMP_XFW004/Kaspersky/KasperskyVirusScanningIntegration.TC.006.xml
-c tests/XMP/XMP_XFW004/IntegrationTestSetup/custom.xtt.conf.xml -s tests/XMP/XMP_XFW004/Kaspersky/KasperskyVirusScanningIntegration.TC.009.xml
-c tests/XMP/XMP_XFW004/IntegrationTestSetup/custom.xtt.conf.xml -s tests/XMP/XMP_XFW004/Kaspersky/KasperskyVirusScanningIntegration.TC.010.xml
-c tests/XMP/XMP_XFW004/IntegrationTestSetup/custom.xtt.conf.xml -s tests/XMP/XMP_XFW004/Kaspersky/KasperskyVirusScanningIntegration.TC.011.xml
-c tests/XMP/XMP_XFW004/IntegrationTestSetup/custom.xtt.conf.xml -s tests/XMP/XMP_XFW004/Kaspersky/KasperskyVirusScanningIntegration.TC.012.xml
-c tests/XMP/XMP_XFW004/IntegrationTestSetup/custom.xtt.conf.xml -s tests/XMP/XMP_XFW004/Kaspersky/KasperskyVirusScanningIntegration.TC.013.xml
-c tests/XMP/XMP_XFW004/IntegrationTestSetup/custom.xtt.conf.xml -s tests/XMP/XMP_XFW004/Kaspersky/KasperskyVirusScanningIntegration.TC.014.xml
-c tests/XMP/XMP_XFW004/IntegrationTestSetup/custom.xtt.conf.xml -s tests/XMP/XMP_XFW004/Kaspersky/KasperskyVirusScanningIntegration.TC.015.xml
-c tests/XMP/XMP_XFW004/IntegrationTestSetup/custom.xtt.conf.xml -s tests/XMP/XMP_XFW004/Kaspersky/KasperskyVirusScanningIntegration.TC.016.xml
-c tests/XMP/XMP_XFW004/IntegrationTestSetup/custom.xtt.conf.xml -s tests/XMP/XMP_XFW004/Kaspersky/KasperskyVirusScanningIntegration.TC.017.xml
-c tests/XMP/XMP_XFW004/IntegrationTestSetup/custom.xtt.conf.xml -s tests/XMP/XMP_XFW004/Kaspersky/KasperskyVirusScanningIntegration.TC.018.xml
-c tests/XMP/XMP_XFW004/IntegrationTestSetup/custom.xtt.conf.xml -s tests/XMP/XMP_XFW004/Kaspersky/KasperskyVirusScanningIntegration.TC.019.xml
-c tests/XMP/XMP_XFW004/IntegrationTestSetup/custom.xtt.conf.xml -s tests/XMP/XMP_XFW004/Kaspersky/KasperskyVirusScanningIntegration.TC.022.xml
-c tests/XMP/XMP_XFW004/IntegrationTestSetup/custom.xtt.conf.xml -s tests/XMP/XMP_XFW004/CommtouchIntegration/ConfigurationMaintenance/ConfigurationMaintenance.TC.003.xml
-c tests/XMP/XMP_XFW004/IntegrationTestSetup/custom.xtt.conf.xml -s tests/XMP/XMP_XFW004/CommtouchIntegration/ConfigurationMaintenance/ConfigurationMaintenance.TC.004.xml
-c tests/XMP/XMP_XFW004/IntegrationTestSetup/custom.xtt.conf.xml -s tests/XMP/XMP_XFW004/CommtouchIntegration/ConfigurationMaintenance/ConfigurationMaintenance.TC.007.xml
-c tests/XMP/XMP_XFW004/IntegrationTestSetup/custom.xtt.conf.xml -s tests/XMP/XMP_XFW004/CommtouchIntegration/ContentFiltering/ContentFiltering.TC.001.xml
-c tests/XMP/XMP_XFW004/IntegrationTestSetup/custom.xtt.conf.xml -s tests/XMP/XMP_XFW004/CommtouchIntegration/ContentFiltering/ContentFiltering.TC.003.xml
-c tests/XMP/XMP_XFW004/IntegrationTestSetup/custom.xtt.conf.xml -s tests/XMP/XMP_XFW004/CommtouchIntegration/ContentFiltering/ContentFiltering.TC.006.xml
-c tests/XMP/XMP_XFW004/IntegrationTestSetup/custom.xtt.conf.xml -s tests/XMP/XMP_XFW004/CommtouchIntegration/ContentFiltering/ContentFiltering.TC.007a.xml
-c tests/XMP/XMP_XFW004/IntegrationTestSetup/custom.xtt.conf.xml -s tests/XMP/XMP_XFW004/CommtouchIntegration/ContentFiltering/ContentFiltering.TC.007b.xml
-c tests/XMP/XMP_XFW004/IntegrationTestSetup/custom.xtt.conf.xml -s tests/XMP/XMP_XFW004/CommtouchIntegration/ContentFiltering/ContentFiltering.TC.007c.xml
-c tests/XMP/XMP_XFW004/IntegrationTestSetup/custom.xtt.conf.xml -s tests/XMP/XMP_XFW004/CommtouchIntegration/ContentFiltering/ContentFiltering.TC.009.xml
-c tests/XMP/XMP_XFW004/IntegrationTestSetup/custom.xtt.conf.xml -s tests/XMP/XMP_XFW004/CommtouchIntegration/ContentFiltering/ContentFiltering.TC.010.xml
-c tests/XMP/XMP_XFW004/IntegrationTestSetup/custom.xtt.conf.xml -s tests/XMP/XMP_XFW004/CommtouchIntegration/ContentFiltering/ContentFiltering.TC.011.xml
-c tests/XMP/XMP_XFW004/IntegrationTestSetup/custom.xtt.conf.xml -s tests/XMP/XMP_XFW004/CommtouchIntegration/PlatformIndependent/ContentFiltering.TC.000.xml
-c tests/XMP/XMP_XFW004/IntegrationTestSetup/custom.xtt.conf.xml -s tests/XMP/XMP_XFW004/CommtouchIntegration/PlatformIndependent/ContentFiltering.TC.001.xml
-c tests/XMP/XMP_XFW004/IntegrationTestSetup/custom.xtt.conf.xml -s tests/XMP/XMP_XFW004/CommtouchIntegration/PlatformIndependent/ContentFiltering.TC.002.xml
-c tests/XMP/XMP_XFW004/IntegrationTestSetup/custom.xtt.conf.xml -s tests/XMP/XMP_XFW004/CommtouchIntegration/PlatformIndependent/ContentFiltering.TC.003.xml
-c tests/XMP/XMP_XFW004/IntegrationTestSetup/custom.xtt.conf.xml -s tests/XMP/XMP_XFW004/CommtouchIntegration/PlatformIndependent/ContentFiltering.TC.004.xml
-c tests/XMP/XMP_XFW004/IntegrationTestSetup/custom.xtt.conf.xml -s tests/XMP/XMP_XFW004/CommtouchIntegration/PlatformIndependent/ContentFiltering.TC.005.xml
-c tests/XMP/XMP_XFW004/IntegrationTestSetup/custom.xtt.conf.xml -s tests/XMP/XMP_XFW004/CommtouchIntegration/PlatformIndependent/ContentFiltering.TC.006.xml
-c tests/XMP/XMP_XFW004/IntegrationTestSetup/custom.xtt.conf.xml -s tests/XMP/XMP_XFW004/CommtouchIntegration/PlatformIndependent/ContentFiltering.TC.007.xml
-c tests/XMP/XMP_XFW004/IntegrationTestSetup/custom.xtt.conf.xml -s tests/XMP/XMP_XFW004/CommtouchIntegration/PlatformIndependent/ContentFiltering.TC.008.xml
-c tests/XMP/XMP_XFW004/IntegrationTestSetup/custom.xtt.conf.xml -s tests/XMP/XMP_XFW004/CommtouchIntegration/PlatformIndependent/ContentFiltering.TC.009.xml
-c tests/XMP/XMP_XFW004/IntegrationTestSetup/custom.xtt.conf.xml -s tests/XMP/XMP_XFW004/CommtouchIntegration/PlatformIndependent/ContentFiltering.TC.010.xml
-c tests/XMP/XMP_XFW004/IntegrationTestSetup/custom.xtt.conf.xml -s tests/XMP/XMP_XFW004/CommtouchIntegration/PlatformIndependent/ContentFiltering.TC.011.xml
-c tests/XMP/XMP_XFW004/IntegrationTestSetup/custom.xtt.conf.xml -s tests/XMP/XMP_XFW004/CommtouchIntegration/PlatformIndependent/ContentFiltering.TC.012.xml
-c tests/XMP/XMP_XFW004/IntegrationTestSetup/custom.xtt.conf.xml -s tests/XMP/XMP_XFW004/CommtouchIntegration/PlatformIndependent/ContentFiltering.TC.013.xml
-c tests/XMP/XMP_XFW004/IntegrationTestSetup/custom.xtt.conf.xml -s tests/XMP/XMP_XFW004/CommtouchIntegration/PlatformIndependent/ContentFiltering.TC.014.xml
-c tests/XMP/XMP_XFW004/IntegrationTestSetup/custom.xtt.conf.xml -s tests/XMP/XMP_XFW004/CommtouchIntegration/PlatformIndependent/ContentFiltering.TC.015.xml
-c tests/XMP/XMP_XFW004/IntegrationTestSetup/custom.xtt.conf.xml -s tests/XMP/XMP_XFW004/CommtouchIntegration/PlatformIndependent/ContentFiltering.TC.016.xml
-c tests/XMP/XMP_XFW004/IntegrationTestSetup/custom.xtt.conf.xml -s tests/XMP/XMP_XFW004/CommtouchIntegration/PlatformIndependent/ContentFiltering.TC.019.xml
-c tests/XMP/XMP_XFW004/IntegrationTestSetup/custom.xtt.conf.xml -s tests/XMP/XMP_XFW004/CommtouchIntegration/PlatformIndependent/ContentFiltering.TC.020.xml
-c tests/XMP/XMP_XFW004/IntegrationTestSetup/custom.xtt.conf.xml -s tests/XMP/XMP_XFW004/CommtouchIntegration/PlatformIndependent/ContentFiltering.TC.021.xml
-c tests/XMP/XMP_XFW004/IntegrationTestSetup/custom.xtt.conf.xml -s tests/XMP/XMP_XFW004/CommtouchIntegration/PlatformIndependent/ContentFiltering.TC.022.xml
-c tests/XMP/XMP_XFW004/IntegrationTestSetup/custom.xtt.conf.xml -s tests/XMP/XMP_XFW004/CommtouchIntegration/PlatformIndependent/ContentFiltering.TC.023.xml
-c tests/XMP/XMP_XFW004/IntegrationTestSetup/custom.xtt.conf.xml -s tests/XMP/XMP_XFW004/CommtouchIntegration/PlatformIndependent/ContentFiltering.TC.024.xml
-c tests/XMP/XMP_XFW004/IntegrationTestSetup/custom.xtt.conf.xml -s tests/XMP/XMP_XFW004/CommtouchIntegration/PlatformIndependent/ContentFiltering.TC.025.xml
-c tests/XMP/XMP_XFW004/IntegrationTestSetup/custom.xtt.conf.xml -s tests/XMP/XMP_XFW004/CommtouchIntegration/PlatformIndependent/ContentFiltering.TC.026.xml
-c tests/XMP/XMP_XFW004/IntegrationTestSetup/custom.xtt.conf.xml -s tests/XMP/XMP_XFW004/CommtouchIntegration/PlatformIndependent/ContentFiltering.TC.027.xml
-c tests/XMP/XMP_XFW004/IntegrationTestSetup/custom.xtt.conf.xml -s tests/XMP/XMP_XFW004/CommtouchIntegration/PlatformIndependent/ContentFiltering.TC.028.xml
-c tests/XMP/XMP_XFW004/IntegrationTestSetup/custom.xtt.conf.xml -s tests/XMP/XMP_XFW004/CommtouchIntegration/PlatformIndependent/ContentFiltering.TC.029.xml
-c tests/XMP/XMP_XFW004/IntegrationTestSetup/custom.xtt.conf.xml -s tests/XMP/XMP_XFW004/CommtouchIntegration/PlatformIndependent/ContentFiltering.TC.030.xml
-c tests/XMP/XMP_XFW004/IntegrationTestSetup/custom.xtt.conf.xml -s tests/XMP/XMP_XFW004/CommtouchIntegration/PlatformIndependent/ContentFiltering.TC.031.xml
-c tests/XMP/XMP_XFW004/IntegrationTestSetup/custom.xtt.conf.xml -s tests/XMP/XMP_XFW004/CommtouchIntegration/PlatformIndependent/ContentFiltering.TC.032.xml
-c tests/XMP/XMP_XFW004/IntegrationTestSetup/custom.xtt.conf.xml -s tests/XMP/XMP_XFW004/CommtouchIntegration/PlatformIndependent/ContentFiltering.TC.033.xml
-c tests/XMP/XMP_XFW004/IntegrationTestSetup/custom.xtt.conf.xml -s tests/XMP/XMP_XFW004/CommtouchIntegration/PlatformIndependent/ContentFiltering.TC.034.xml
-c tests/XMP/XMP_XFW004/IntegrationTestSetup/custom.xtt.conf.xml -s tests/XMP/XMP_XFW004/CommtouchIntegration/PlatformIndependent/ContentFiltering.TC.035.xml
-c tests/XMP/XMP_XFW004/IntegrationTestSetup/custom.xtt.conf.xml -s tests/XMP/XMP_XFW004/CommtouchIntegration/PlatformIndependent/ContentFiltering.TC.036.xml
-c tests/XMP/XMP_XFW004/IntegrationTestSetup/custom.xtt.conf.xml -s tests/XMP/XMP_XFW004/CommtouchIntegration/PlatformIndependent/ContentFiltering.TC.037.xml
-c tests/XMP/XMP_XFW004/IntegrationTestSetup/custom.xtt.conf.xml -s tests/XMP/XMP_XFW004/CommtouchIntegration/PlatformIndependent/ContentFiltering.TC.038.xml
-c tests/XMP/XMP_XFW004/IntegrationTestSetup/custom.xtt.conf.xml -s tests/XMP/XMP_XFW004/CommtouchIntegration/PlatformIndependent/ContentFiltering.TC.039.xml
-c tests/XMP/XMP_XFW004/IntegrationTestSetup/custom.xtt.conf.xml -s tests/XMP/XMP_XFW004/CommtouchIntegration/PlatformIndependent/ContentFiltering.TC.040.xml
-c tests/XMP/XMP_XFW004/IntegrationTestSetup/custom.xtt.conf.xml -s tests/XMP/XMP_XFW004/CommtouchIntegration/PlatformIndependent/ContentFiltering.TC.041.xml
-c tests/XMP/XMP_XFW004/IntegrationTestSetup/custom.xtt.conf.xml -s tests/XMP/XMP_XFW004/CommtouchIntegration/PlatformIndependent/ContentFiltering.TC.042.xml
-c tests/XMP/XMP_XFW004/IntegrationTestSetup/custom.xtt.conf.xml -s tests/XMP/XMP_XFW004/CommtouchIntegration/PlatformIndependent/ContentFiltering.TC.043.xml
-c tests/XMP/XMP_XFW004/IntegrationTestSetup/custom.xtt.conf.xml -s tests/XMP/XMP_XFW004/CommtouchIntegration/PlatformIndependent/ContentFiltering.TC.044.xml
-c tests/XMP/XMP_XFW004/IntegrationTestSetup/custom.xtt.conf.xml -s tests/XMP/XMP_XFW004/CommtouchIntegration/PlatformIndependent/ContentFiltering.TC.045.xml
-c tests/XMP/XMP_XFW004/IntegrationTestSetup/custom.xtt.conf.xml -s tests/XMP/XMP_XFW004/CommtouchIntegration/PlatformIndependent/ContentFiltering.TC.046.xml
-c tests/XMP/XMP_XFW004/IntegrationTestSetup/custom.xtt.conf.xml -s tests/XMP/XMP_XFW004/CommtouchIntegration/PlatformIndependent/ContentFiltering.TC.047.xml
-c tests/XMP/XMP_XFW004/IntegrationTestSetup/custom.xtt.conf.xml -s tests/XMP/XMP_XFW004/CommtouchIntegration/PlatformIndependent/ContentFiltering.TC.049.xml
-c tests/XMP/XMP_XFW004/IntegrationTestSetup/custom.xtt.conf.xml -s tests/XMP/XMP_XFW004/CommtouchIntegration/PlatformIndependent/ContentFiltering.TC.050.xml
-c tests/XMP/XMP_XFW004/IntegrationTestSetup/custom.xtt.conf.xml -s tests/XMP/XMP_XFW004/CommtouchIntegration/PlatformIndependent/ContentFiltering.TC.051.xml
-c tests/XMP/XMP_XFW004/IntegrationTestSetup/custom.xtt.conf.xml -s tests/XMP/XMP_XFW004/CommtouchIntegration/PlatformIndependent/ContentFiltering.TC.999.xml
-c tests/XMP/XMP_XFW004/IntegrationTestSetup/custom.xtt.conf.xml -s tests/XMP/XMP_XFW004/VideoOptimization/XMPVideoOptCoreFunctionality.TC.000.xml
-c tests/XMP/XMP_XFW004/IntegrationTestSetup/custom.xtt.conf.xml -s tests/XMP/XMP_XFW004/VideoOptimization/XMPVideoOptCoreFunctionality.TC.001.xml
-c tests/XMP/XMP_XFW004/IntegrationTestSetup/custom.xtt.conf.xml -s tests/XMP/XMP_XFW004/VideoOptimization/XMPVideoOptCoreFunctionality.TC.002.xml
-c tests/XMP/XMP_XFW004/IntegrationTestSetup/custom.xtt.conf.xml -s tests/XMP/XMP_XFW004/VideoOptimization/XMPVideoOptCoreFunctionality.TC.003.xml
-c tests/XMP/XMP_XFW004/IntegrationTestSetup/custom.xtt.conf.xml -s tests/XMP/XMP_XFW004/VideoOptimization/XMPVideoOptCoreFunctionality.TC.004.xml
-c tests/XMP/XMP_XFW004/IntegrationTestSetup/custom.xtt.conf.xml -s tests/XMP/XMP_XFW004/VideoOptimization/XMPVideoOptCoreFunctionality.TC.005.xml
-c tests/XMP/XMP_XFW004/IntegrationTestSetup/custom.xtt.conf.xml -s tests/XMP/XMP_XFW004/VideoOptimization/XMPVideoOptCoreFunctionality.TC.006.xml
-c tests/XMP/XMP_XFW004/IntegrationTestSetup/custom.xtt.conf.xml -s tests/XMP/XMP_XFW004/VideoOptimization/XMPVideoOptCoreFunctionality.TC.010.xml
-c tests/XMP/XMP_XFW004/IntegrationTestSetup/custom.xtt.conf.xml -s tests/XMP/XMP_XFW004/VideoOptimization/XMPVideoOptCoreFunctionality.TC.011.xml
-c tests/XMP/XMP_XFW004/IntegrationTestSetup/custom.xtt.conf.xml -s tests/XMP/XMP_XFW004/VideoOptimization/XMPVideoOptCoreFunctionality.TC.012.xml
-c tests/XMP/XMP_XFW004/IntegrationTestSetup/custom.xtt.conf.xml -s tests/XMP/XMP_XFW004/VideoOptimization/XMPVideoOptCoreFunctionality.TC.013.xml
-c tests/XMP/XMP_XFW004/IntegrationTestSetup/custom.xtt.conf.xml -s tests/XMP/XMP_XFW004/VideoOptimization/XMPVideoOptCoreFunctionality.TC.014.xml
-c tests/XMP/XMP_XFW004/IntegrationTestSetup/custom.xtt.conf.xml -s tests/XMP/XMP_XFW004/VideoOptimization/XMPVideoOptCoreFunctionality.TC.015.xml
-c tests/XMP/XMP_XFW004/IntegrationTestSetup/custom.xtt.conf.xml -s tests/XMP/XMP_XFW004/VideoOptimization/XMPVideoOptCoreFunctionality.TC.016.xml
-c tests/XMP/XMP_XFW004/IntegrationTestSetup/custom.xtt.conf.xml -s tests/XMP/XMP_XFW004/VideoOptimization/XMPVideoOptCoreFunctionality.TC.017.xml
-c tests/XMP/XMP_XFW004/IntegrationTestSetup/custom.xtt.conf.xml -s tests/XMP/XMP_XFW004/VideoOptimization/XMPVideoOptCoreFunctionality.TC.018.xml
-c tests/XMP/XMP_XFW004/IntegrationTestSetup/custom.xtt.conf.xml -s tests/XMP/XMP_XFW004/VideoOptimization/XMPVideoOptCoreFunctionality.TC.019.xml
-c tests/XMP/XMP_XFW004/IntegrationTestSetup/custom.xtt.conf.xml -s tests/XMP/XMP_XFW004/VideoOptimization/XMPVideoOptCoreFunctionality.TC.020.xml
-c tests/XMP/XMP_XFW004/IntegrationTestSetup/custom.xtt.conf.xml -s tests/XMP/XMP_XFW004/VideoOptimization/XMPVideoOptCoreFunctionality.TC.021.xml
-c tests/XMP/XMP_XFW004/IntegrationTestSetup/custom.xtt.conf.xml -s tests/XMP/XMP_XFW004/VideoOptimization/XMPVideoOptCoreFunctionality.TC.026.xml
-c tests/XMP/XMP_XFW004/IntegrationTestSetup/custom.xtt.conf.xml -s tests/XMP/XMP_XFW004/VideoOptimization/XMPVideoOptCoreFunctionality.TC.027.xml
-c tests/XMP/XMP_XFW004/IntegrationTestSetup/custom.xtt.conf.xml -s tests/XMP/XMP_XFW004/VideoOptimization/XMPVideoOptCoreFunctionality.TC.030.xml
-c tests/XMP/XMP_XFW004/IntegrationTestSetup/custom.xtt.conf.xml -s tests/XMP/XMP_XFW004/VideoOptimization/XMPVideoOptCoreFunctionality.TC.031.xml
-c tests/XMP/XMP_XFW004/IntegrationTestSetup/custom.xtt.conf.xml -s tests/XMP/XMP_XFW004/VideoOptimization/XMPVideoOptCoreFunctionality.TC.032.xml
-c tests/XMP/XMP_XFW004/IntegrationTestSetup/custom.xtt.conf.xml -s tests/XMP/XMP_XFW004/VideoOptimization/XMPVideoOptCoreFunctionality.TC.033.xml
-c tests/XMP/XMP_XFW004/IntegrationTestSetup/custom.xtt.conf.xml -s tests/XMP/XMP_XFW004/VideoOptimization/XMPVideoOptCoreFunctionality.TC.034.xml
-c tests/XMP/XMP_XFW004/IntegrationTestSetup/custom.xtt.conf.xml -s tests/XMP/XMP_XFW004/VideoOptimization/XMPVideoOptCoreFunctionality.TC.036.xml
-c tests/XMP/XMP_XFW004/IntegrationTestSetup/custom.xtt.conf.xml -s tests/XMP/XMP_XFW004/VideoOptimization/XMPVideoOptCoreFunctionality.TC.037a.xml
-c tests/XMP/XMP_XFW004/IntegrationTestSetup/custom.xtt.conf.xml -s tests/XMP/XMP_XFW004/VideoOptimization/XMPVideoOptCoreFunctionality.TC.037b.xml
-c tests/XMP/XMP_XFW004/IntegrationTestSetup/custom.xtt.conf.xml -s tests/XMP/XMP_XFW004/VideoOptimization/XMPVideoOptCoreFunctionality.TC.038.xml
-c tests/XMP/XMP_XFW004/IntegrationTestSetup/custom.xtt.conf.xml -s tests/XMP/XMP_XFW004/VideoOptimization/XMPVideoOptCoreFunctionality.TC.039.xml
-c tests/XMP/XMP_XFW004/IntegrationTestSetup/custom.xtt.conf.xml -s tests/XMP/XMP_XFW004/VideoOptimization/XMPVideoOptCoreFunctionality.TC.040.xml
-c tests/XMP/XMP_XFW004/IntegrationTestSetup/custom.xtt.conf.xml -s tests/XMP/XMP_XFW004/VideoOptimization/XMPVideoOptCoreFunctionality.TC.041.xml
-c tests/XMP/XMP_XFW004/IntegrationTestSetup/custom.xtt.conf.xml -s tests/XMP/XMP_XFW004/VideoOptimization/XMPVideoOptCoreFunctionality.TC.050a.xml
-c tests/XMP/XMP_XFW004/IntegrationTestSetup/custom.xtt.conf.xml -s tests/XMP/XMP_XFW004/VideoOptimization/XMPVideoOptCoreFunctionality.TC.051.xml
-c tests/XMP/XMP_XFW004/IntegrationTestSetup/custom.xtt.conf.xml -s tests/XMP/XMP_XFW004/VideoOptimization/XMPVideoOptCoreFunctionality.TC.052a.xml
-c tests/XMP/XMP_XFW004/IntegrationTestSetup/custom.xtt.conf.xml -s tests/XMP/XMP_XFW004/VideoOptimization/XMPVideoOptCoreFunctionality.TC.052b.xml
-c tests/XMP/XMP_XFW004/IntegrationTestSetup/custom.xtt.conf.xml -s tests/XMP/XMP_XFW004/VideoOptimization/XMPVideoOptCoreFunctionality.TC.052c.xml
-c tests/XMP/XMP_XFW004/IntegrationTestSetup/custom.xtt.conf.xml -s tests/XMP/XMP_XFW004/VideoOptimization/XMPVideoOptCoreFunctionality.TC.052d.xml
-c tests/XMP/XMP_XFW004/IntegrationTestSetup/custom.xtt.conf.xml -s tests/XMP/XMP_XFW004/VideoOptimization/XMPVideoOptCoreFunctionality.TC.052e.xml
-c tests/XMP/XMP_XFW004/IntegrationTestSetup/custom.xtt.conf.xml -s tests/XMP/XMP_XFW004/VideoOptimization/XMPVideoOptCoreFunctionality.TC.052g.xml
-c tests/XMP/XMP_XFW004/IntegrationTestSetup/custom.xtt.conf.xml -s tests/XMP/XMP_XFW004/VideoOptimization/XMPVideoOptCoreFunctionality.TC.999.xml
-c tests/XMP/XMP_XFW004/IntegrationTestSetup/custom.xtt.conf.xml -s tests/XMP/XMP_XFW004/VideoOptimization/EnhancementsforVFGroup/EnhancementsforVFGroup.TC.000.xml
-c tests/XMP/XMP_XFW004/IntegrationTestSetup/custom.xtt.conf.xml -s tests/XMP/XMP_XFW004/VideoOptimization/EnhancementsforVFGroup/EnhancementsforVFGroup.TC.001.xml
-c tests/XMP/XMP_XFW004/IntegrationTestSetup/custom.xtt.conf.xml -s tests/XMP/XMP_XFW004/VideoOptimization/EnhancementsforVFGroup/EnhancementsforVFGroup.TC.002.xml
-c tests/XMP/XMP_XFW004/IntegrationTestSetup/custom.xtt.conf.xml -s tests/XMP/XMP_XFW004/VideoOptimization/EnhancementsforVFGroup/EnhancementsforVFGroup.TC.003.xml
-c tests/XMP/XMP_XFW004/IntegrationTestSetup/custom.xtt.conf.xml -s tests/XMP/XMP_XFW004/VideoOptimization/EnhancementsforVFGroup/EnhancementsforVFGroup.TC.004.xml
-c tests/XMP/XMP_XFW004/IntegrationTestSetup/custom.xtt.conf.xml -s tests/XMP/XMP_XFW004/VideoOptimization/EnhancementsforVFGroup/EnhancementsforVFGroup.TC.005.xml
-c tests/XMP/XMP_XFW004/IntegrationTestSetup/custom.xtt.conf.xml -s tests/XMP/XMP_XFW004/VideoOptimization/EnhancementsforVFGroup/EnhancementsforVFGroup.TC.006.xml
-c tests/XMP/XMP_XFW004/IntegrationTestSetup/custom.xtt.conf.xml -s tests/XMP/XMP_XFW004/VideoOptimization/EnhancementsforVFGroup/EnhancementsforVFGroup.TC.007.xml
-c tests/XMP/XMP_XFW004/IntegrationTestSetup/custom.xtt.conf.xml -s tests/XMP/XMP_XFW004/VideoOptimization/EnhancementsforVFGroup/EnhancementsforVFGroup.TC.009.xml
-c tests/XMP/XMP_XFW004/IntegrationTestSetup/custom.xtt.conf.xml -s tests/XMP/XMP_XFW004/VideoOptimization/EnhancementsforVFGroup/EnhancementsforVFGroup.TC.010.xml
-c tests/XMP/XMP_XFW004/IntegrationTestSetup/custom.xtt.conf.xml -s tests/XMP/XMP_XFW004/VideoOptimization/EnhancementsforVFGroup/EnhancementsforVFGroup.TC.011.xml
-c tests/XMP/XMP_XFW004/IntegrationTestSetup/custom.xtt.conf.xml -s tests/XMP/XMP_XFW004/VideoOptimization/EnhancementsforVFGroup/EnhancementsforVFGroup.TC.012.xml
-c tests/XMP/XMP_XFW004/IntegrationTestSetup/custom.xtt.conf.xml -s tests/XMP/XMP_XFW004/VideoOptimization/EnhancementsforVFGroup/EnhancementsforVFGroup.TC.013.xml
-c tests/XMP/XMP_XFW004/IntegrationTestSetup/custom.xtt.conf.xml -s tests/XMP/XMP_XFW004/VideoOptimization/EnhancementsforVFGroup/EnhancementsforVFGroup.TC.014.xml
-c tests/XMP/XMP_XFW004/IntegrationTestSetup/custom.xtt.conf.xml -s tests/XMP/XMP_XFW004/VideoOptimization/EnhancementsforVFGroup/EnhancementsforVFGroup.TC.015.xml
-c tests/XMP/XMP_XFW004/IntegrationTestSetup/custom.xtt.conf.xml -s tests/XMP/XMP_XFW004/VideoOptimization/EnhancementsforVFGroup/EnhancementsforVFGroup.TC.016.xml
-c tests/XMP/XMP_XFW004/IntegrationTestSetup/custom.xtt.conf.xml -s tests/XMP/XMP_XFW004/VideoOptimization/EnhancementsforVFGroup/EnhancementsforVFGroup.TC.016a.xml
-c tests/XMP/XMP_XFW004/IntegrationTestSetup/custom.xtt.conf.xml -s tests/XMP/XMP_XFW004/VideoOptimization/EnhancementsforVFGroup/EnhancementsforVFGroup.TC.016b.xml
-c tests/XMP/XMP_XFW004/IntegrationTestSetup/custom.xtt.conf.xml -s tests/XMP/XMP_XFW004/VideoOptimization/EnhancementsforVFGroup/EnhancementsforVFGroup.TC.017.xml
-c tests/XMP/XMP_XFW004/IntegrationTestSetup/custom.xtt.conf.xml -s tests/XMP/XMP_XFW004/VideoOptimization/EnhancementsforVFGroup/EnhancementsforVFGroup.TC.018.xml
-c tests/XMP/XMP_XFW004/IntegrationTestSetup/custom.xtt.conf.xml -s tests/XMP/XMP_XFW004/VideoOptimization/EnhancementsforVFGroup/EnhancementsforVFGroup.TC.025.xml
-c tests/XMP/XMP_XFW004/IntegrationTestSetup/custom.xtt.conf.xml -s tests/XMP/XMP_XFW004/VideoOptimization/EnhancementsforVFGroup/EnhancementsforVFGroup_Phase2.TC.001.xml
-c tests/XMP/XMP_XFW004/IntegrationTestSetup/custom.xtt.conf.xml -s tests/XMP/XMP_XFW004/VideoOptimization/EnhancementsforVFGroup/EnhancementsforVFGroup_Phase2.TC.002.xml
-c tests/XMP/XMP_XFW004/IntegrationTestSetup/custom.xtt.conf.xml -s tests/XMP/XMP_XFW004/VideoOptimization/EnhancementsforVFGroup/EnhancementsforVFGroup_Phase2.TC.003.xml
-c tests/XMP/XMP_XFW004/IntegrationTestSetup/custom.xtt.conf.xml -s tests/XMP/XMP_XFW004/VideoOptimization/EnhancementsforVFGroup/EnhancementsforVFGroup_Phase2.TC.004.xml
-c tests/XMP/XMP_XFW004/IntegrationTestSetup/custom.xtt.conf.xml -s tests/XMP/XMP_XFW004/VideoOptimization/EnhancementsforVFGroup/EnhancementsforVFGroup_Phase2.TC.005.xml
-c tests/XMP/XMP_XFW004/IntegrationTestSetup/custom.xtt.conf.xml -s tests/XMP/XMP_XFW004/VideoOptimization/EnhancementsforVFGroup/EnhancementsforVFGroup_Phase2.TC.006.xml
-c tests/XMP/XMP_XFW004/IntegrationTestSetup/custom.xtt.conf.xml -s tests/XMP/XMP_XFW004/VideoOptimization/EnhancementsforVFGroup/EnhancementsforVFGroup_Phase2.TC.006a.xml
-c tests/XMP/XMP_XFW004/IntegrationTestSetup/custom.xtt.conf.xml -s tests/XMP/XMP_XFW004/VideoOptimization/EnhancementsforVFGroup/EnhancementsforVFGroup_Phase2.TC.007.xml
-c tests/XMP/XMP_XFW004/IntegrationTestSetup/custom.xtt.conf.xml -s tests/XMP/XMP_XFW004/VideoOptimization/EnhancementsforVFGroup/EnhancementsforVFGroup_Phase2.TC.011.xml
-c tests/XMP/XMP_XFW004/IntegrationTestSetup/custom.xtt.conf.xml -s tests/XMP/XMP_XFW004/VideoOptimization/EnhancementsforVFGroup/EnhancementsforVFGroup_Phase2.TC.012a.xml
-c tests/XMP/XMP_XFW004/IntegrationTestSetup/custom.xtt.conf.xml -s tests/XMP/XMP_XFW004/VideoOptimization/EnhancementsforVFGroup/EnhancementsforVFGroup_Phase2.TC.012b.xml
-c tests/XMP/XMP_XFW004/IntegrationTestSetup/custom.xtt.conf.xml -s tests/XMP/XMP_XFW004/VideoOptimization/EnhancementsforVFGroup/VideoAnalyzeAndPace.TC.001.xml
-c tests/XMP/XMP_XFW004/IntegrationTestSetup/custom.xtt.conf.xml -s tests/XMP/XMP_XFW004/VideoOptimization/EnhancementsforVFGroup/VideoAnalyzeAndPace.TC.002.xml
-c tests/XMP/XMP_XFW004/IntegrationTestSetup/custom.xtt.conf.xml -s tests/XMP/XMP_XFW004/VideoOptimization/EnhancementsforVFGroup/VideoAnalyzeAndPace.TC.003.xml
-c tests/XMP/XMP_XFW004/IntegrationTestSetup/custom.xtt.conf.xml -s tests/XMP/XMP_XFW004/VideoOptimization/EnhancementsforVFGroup/VideoAnalyzeAndPace.TC.004.xml
-c tests/XMP/XMP_XFW004/IntegrationTestSetup/custom.xtt.conf.xml -s tests/XMP/XMP_XFW004/VideoOptimization/EnhancementsforVFGroup/VideoAnalyzeAndPace.TC.005.xml
-c tests/XMP/XMP_XFW004/IntegrationTestSetup/custom.xtt.conf.xml -s tests/XMP/XMP_XFW004/VideoOptimization/EnhancementsforVFGroup/VideoAnalyzeAndPace.TC.006.xml
-c tests/XMP/XMP_XFW004/IntegrationTestSetup/custom.xtt.conf.xml -s tests/XMP/XMP_XFW004/VideoOptimization/EnhancementsforVFGroup/VideoAnalyzeAndPace.TC.007.xml
-c tests/XMP/XMP_XFW004/IntegrationTestSetup/custom.xtt.conf.xml -s tests/XMP/XMP_XFW004/VideoOptimization/EnhancementsforVFGroup/VideoAnalyzeAndPace.TC.008.xml
-c tests/XMP/XMP_XFW004/IntegrationTestSetup/custom.xtt.conf.xml -s tests/XMP/XMP_XFW004/VideoOptimization/EnhancementsforVFGroup/VideoAnalyzeAndPace.TC.008a.xml
-c tests/XMP/XMP_XFW004/IntegrationTestSetup/custom.xtt.conf.xml -s tests/XMP/XMP_XFW004/VideoOptimization/EnhancementsforVFGroup/VideoAnalyzeAndPace.TC.009.xml
-c tests/XMP/XMP_XFW004/IntegrationTestSetup/custom.xtt.conf.xml -s tests/XMP/XMP_XFW004/VideoOptimization/EnhancementsforVFGroup/VideoAnalyzeAndPace.TC.010.xml
-c tests/XMP/XMP_XFW004/IntegrationTestSetup/custom.xtt.conf.xml -s tests/XMP/XMP_XFW004/VideoOptimization/EnhancementsforVFGroup/VideoAnalyzeAndPace.TC.011.xml
-c tests/XMP/XMP_XFW004/IntegrationTestSetup/custom.xtt.conf.xml -s tests/XMP/XMP_XFW004/VideoOptimization/EnhancementsforVFGroup/VideoAnalyzeAndPace.TC.016.xml
-c tests/XMP/XMP_XFW004/IntegrationTestSetup/custom.xtt.conf.xml -s tests/XMP/XMP_XFW004/VideoOptimization/EnhancementsforVFGroup/VideoAnalyzeAndPace.TC.021.xml
-c tests/XMP/XMP_XFW004/IntegrationTestSetup/custom.xtt.conf.xml -s tests/XMP/XMP_XFW004/VideoOptimization/EnhancementsforVFGroup/EnhancementsforVFGroup.TC.999.xml
-c tests/XMP/XMP_XFW004/IntegrationTestSetup/custom.xtt.conf.xml -s tests/XMP/XMP_XFW004/Addon/RequestModification/Bugzilla23967/Bugzilla23967.TC.001.xml
-c tests/XMP/XMP_XFW004/IntegrationTestSetup/custom.xtt.conf.xml -s tests/XMP/XMP_XFW004/Addon/RequestModification/Bugzilla23967/Bugzilla23967.TC.002.xml
-c tests/XMP/XMP_XFW004/IntegrationTestSetup/custom.xtt.conf.xml -s tests/XMP/XMP_XFW004/Addon/RequestModification/Bugzilla23967/Bugzilla23967.TC.003.xml
-c tests/XMP/XMP_XFW004/IntegrationTestSetup/custom.xtt.conf.xml -s tests/XMP/XMP_XFW004/Addon/RequestModification/Bugzilla23967/Bugzilla23967.TC.004.xml
-c tests/XMP/XMP_XFW004/IntegrationTestSetup/custom.xtt.conf.xml -s tests/XMP/XMP_XFW004/Addon/RequestModification/Bugzilla23967/Bugzilla23967.TC.005.xml
-c tests/XMP/XMP_XFW004/IntegrationTestSetup/custom.xtt.conf.xml -s tests/XMP/XMP_XFW004/Addon/RequestModification/Bugzilla23967/Bugzilla23967.TC.006.xml
-c tests/XMP/XMP_XFW004/IntegrationTestSetup/custom.xtt.conf.xml -s tests/XMP/XMP_XFW004/Addon/RequestModification/Bugzilla23967/Bugzilla23967.TC.007.xml
-c tests/XMP/XMP_XFW004/IntegrationTestSetup/custom.xtt.conf.xml -s tests/XMP/XMP_XFW004/Addon/RequestModification/Bugzilla23967/Bugzilla23967.TC.008.xml
-c tests/XMP/XMP_XFW004/IntegrationTestSetup/custom.xtt.conf.xml -s tests/XMP/XMP_XFW004/Addon/RequestModification/Bugzilla23967/Bugzilla23967.TC.009.xml
-c tests/XMP/XMP_XFW004/IntegrationTestSetup/custom.xtt.conf.xml -s tests/XMP/XMP_XFW004/Addon/RequestModification/Bugzilla23967/Bugzilla23967.TC.010.xml
-c tests/XMP/XMP_XFW004/IntegrationTestSetup/custom.xtt.conf.xml -s tests/XMP/XMP_XFW004/Addon/RequestModification/Bugzilla23967/Bugzilla23967.TC.011.xml
-c tests/XMP/XMP_XFW004/IntegrationTestSetup/custom.xtt.conf.xml -s tests/XMP/XMP_XFW004/Addon/RequestModification/Bugzilla23967/Bugzilla23967.TC.012.xml
-c tests/XMP/XMP_XFW004/IntegrationTestSetup/custom.xtt.conf.xml -s tests/XMP/XMP_XFW004/Addon/RequestModification/Bugzilla23967/Bugzilla23967.TC.013.xml
-c tests/XMP/XMP_XFW004/IntegrationTestSetup/custom.xtt.conf.xml -s tests/XMP/XMP_XFW004/Addon/RequestModification/Bugzilla23967/Bugzilla23967.TC.014.xml
-c tests/XMP/XMP_XFW004/IntegrationTestSetup/custom.xtt.conf.xml -s tests/XMP/XMP_XFW004/Addon/RequestModification/Bugzilla23967/Bugzilla23967.TC.015.xml
-c tests/XMP/XMP_XFW004/IntegrationTestSetup/custom.xtt.conf.xml -s tests/XMP/XMP_XFW004/Addon/RequestModification/Bugzilla23967/Bugzilla23967.TC.016.xml
-c tests/XMP/XMP_XFW004/IntegrationTestSetup/custom.xtt.conf.xml -s tests/XMP/XMP_XFW004/Addon/RequestModification/Bugzilla23967/Bugzilla23967.TC.017.xml
-c tests/XMP/XMP_XFW004/IntegrationTestSetup/custom.xtt.conf.xml -s tests/XMP/XMP_XFW004/Addon/RequestModification/Bugzilla23967/Bugzilla23967.TC.018.xml
-c tests/XMP/XMP_XFW004/IntegrationTestSetup/custom.xtt.conf.xml -s tests/XMP/XMP_XFW004/Addon/RequestModification/Bugzilla23967/Bugzilla23967.TC.020.xml
-c tests/XMP/XMP_XFW004/IntegrationTestSetup/custom.xtt.conf.xml -s tests/XMP/XMP_XFW004/Addon/RequestModification/Bugzilla23967/Bugzilla23967.TC.021.xml
-c tests/XMP/XMP_XFW004/IntegrationTestSetup/custom.xtt.conf.xml -s tests/XMP/XMP_XFW004/Addon/RequestModification/Bugzilla23967/Bugzilla23967.TC.022.xml
-c tests/XMP/XMP_XFW004/IntegrationTestSetup/custom.xtt.conf.xml -s tests/XMP/XMP_XFW004/Addon/RequestModification/Bugzilla24052/Bugzilla24052.TC.002.xml
-c tests/XMP/XMP_XFW004/IntegrationTestSetup/custom.xtt.conf.xml -s tests/XMP/XMP_XFW004/Addon/RequestModification/Bugzilla24052/Bugzilla24052.TC.003.xml
-c tests/XMP/XMP_XFW004/IntegrationTestSetup/custom.xtt.conf.xml -s tests/XMP/XMP_XFW004/Addon/RequestModification/Bugzilla24052/Bugzilla24052.TC.004.xml
-c tests/XMP/XMP_XFW004/IntegrationTestSetup/custom.xtt.conf.xml -s tests/XMP/XMP_XFW004/Addon/RequestModification/Bugzilla24052/Bugzilla24052.TC.005.xml
-c tests/XMP/XMP_XFW004/IntegrationTestSetup/custom.xtt.conf.xml -s tests/XMP/XMP_XFW004/Addon/RequestModification/Bugzilla24189/Bugzilla24189.TC.001.xml
-c tests/XMP/XMP_XFW004/IntegrationTestSetup/custom.xtt.conf.xml -s tests/XMP/XMP_XFW004/Addon/RequestModification/Bugzilla24189/Bugzilla24189.TC.002.xml
-c tests/XMP/XMP_XFW004/IntegrationTestSetup/custom.xtt.conf.xml -s tests/XMP/XMP_XFW004/Addon/RequestModification/Bugzilla24189/Bugzilla24189.TC.003.xml
-c tests/XMP/XMP_XFW004/IntegrationTestSetup/custom.xtt.conf.xml -s tests/XMP/XMP_XFW004/Addon/RequestModification/Bugzilla24189/Bugzilla24189.TC.004.xml
-c tests/XMP/XMP_XFW004/IntegrationTestSetup/custom.xtt.conf.xml -s tests/XMP/XMP_XFW004/Addon/RequestModification/Bugzilla24189/Bugzilla24189.TC.005.xml
-c tests/XMP/XMP_XFW004/IntegrationTestSetup/custom.xtt.conf.xml -s tests/XMP/XMP_XFW004/Addon/RequestModification/Bugzilla24189/Bugzilla24189.TC.006.xml
-c tests/XMP/XMP_XFW004/IntegrationTestSetup/custom.xtt.conf.xml -s tests/XMP/XMP_XFW004/Addon/RequestModification/Bugzilla24189/Bugzilla24189.TC.007.xml
-c tests/XMP/XMP_XFW004/IntegrationTestSetup/custom.xtt.conf.xml -s tests/XMP/XMP_XFW004/Addon/RequestModification/Bugzilla24189/Bugzilla24189.TC.008.xml
-c tests/XMP/XMP_XFW004/IntegrationTestSetup/custom.xtt.conf.xml -s tests/XMP/XMP_XFW004/Addon/RequestModification/Bugzilla24189/Bugzilla24189.TC.009.xml
-c tests/XMP/XMP_XFW004/IntegrationTestSetup/custom.xtt.conf.xml -s tests/XMP/XMP_XFW004/Addon/RequestModification/Bugzilla24189/Bugzilla24189.TC.010.xml
-c tests/XMP/XMP_XFW004/IntegrationTestSetup/custom.xtt.conf.xml -s tests/XMP/XMP_XFW004/Addon/RequestModification/Bugzilla24189/Bugzilla24189.TC.011.xml
-c tests/XMP/XMP_XFW004/IntegrationTestSetup/custom.xtt.conf.xml -s tests/XMP/XMP_XFW004/Addon/RequestModification/Bugzilla24189/Bugzilla24189.TC.012.xml
-c tests/XMP/XMP_XFW004/IntegrationTestSetup/custom.xtt.conf.xml -s tests/XMP/XMP_XFW004/Addon/RequestModification/Bugzilla24189/Bugzilla24189.TC.013.xml
-c tests/XMP/XMP_XFW004/IntegrationTestSetup/custom.xtt.conf.xml -s tests/XMP/XMP_XFW004/Addon/RequestModification/Bugzilla24189/Bugzilla24189.TC.014.xml
-c tests/XMP/XMP_XFW004/IntegrationTestSetup/custom.xtt.conf.xml -s tests/XMP/XMP_XFW004/Addon/RequestModification/Bugzilla24189/Bugzilla24189.TC.015.xml
-c tests/XMP/XMP_XFW004/IntegrationTestSetup/custom.xtt.conf.xml -s tests/XMP/XMP_XFW004/Addon/RequestModification/Bugzilla24189/Bugzilla24189.TC.016.xml
-c tests/XMP/XMP_XFW004/IntegrationTestSetup/custom.xtt.conf.xml -s tests/XMP/XMP_XFW004/Addon/RequestModification/Bugzilla24053/Bugzilla24053.TC.001.xml
-c tests/XMP/XMP_XFW004/IntegrationTestSetup/custom.xtt.conf.xml -s tests/XMP/XMP_XFW004/Addon/RequestModification/Bugzilla24053/Bugzilla24053.TC.002.xml
-c tests/XMP/XMP_XFW004/IntegrationTestSetup/custom.xtt.conf.xml -s tests/XMP/XMP_XFW004/Addon/RequestModification/Bugzilla24053/Bugzilla24053.TC.003.xml
-c tests/XMP/XMP_XFW004/IntegrationTestSetup/custom.xtt.conf.xml -s tests/XMP/XMP_XFW004/Addon/RequestModification/Bugzilla24053/Bugzilla24053.TC.004.xml
-c tests/XMP/XMP_XFW004/IntegrationTestSetup/custom.xtt.conf.xml -s tests/XMP/XMP_XFW004/Addon/RequestModification/Bugzilla24053/Bugzilla24053.TC.005.xml
-c tests/XMP/XMP_XFW004/IntegrationTestSetup/custom.xtt.conf.xml -s tests/XMP/XMP_XFW004/Addon/RequestModification/Bugzilla24053/Bugzilla24053.TC.006.xml
-c tests/XMP/XMP_XFW004/IntegrationTestSetup/custom.xtt.conf.xml -s tests/XMP/XMP_XFW004/Addon/RequestModification/Bugzilla24053/Bugzilla24053.TC.007.xml
-c tests/XMP/XMP_XFW004/IntegrationTestSetup/custom.xtt.conf.xml -s tests/XMP/XMP_XFW004/Addon/RequestModification/Bugzilla24053/Bugzilla24053.TC.008.xml
-c tests/XMP/XMP_XFW004/IntegrationTestSetup/custom.xtt.conf.xml -s tests/XMP/XMP_XFW004/Addon/RequestModification/Bugzilla24053/Bugzilla24053.TC.009.xml
-c tests/XMP/XMP_XFW004/IntegrationTestSetup/custom.xtt.conf.xml -s tests/XMP/XMP_XFW004/Addon/RequestModification/Bugzilla24053/Bugzilla24053.TC.010.xml
-c tests/XMP/XMP_XFW004/IntegrationTestSetup/custom.xtt.conf.xml -s tests/XMP/XMP_XFW004/Addon/RequestModification/Bugzilla24053/Bugzilla24053.TC.011.xml
-c tests/XMP/XMP_XFW004/IntegrationTestSetup/custom.xtt.conf.xml -s tests/XMP/XMP_XFW004/Addon/RequestModification/Bugzilla24053/Bugzilla24053.TC.012.xml
-c tests/XMP/XMP_XFW004/IntegrationTestSetup/custom.xtt.conf.xml -s tests/XMP/XMP_XFW004/Addon/RequestModification/Bugzilla24053/Bugzilla24053.TC.013.xml
-c tests/XMP/XMP_XFW004/IntegrationTestSetup/custom.xtt.conf.xml -s tests/XMP/XMP_XFW004/Addon/RequestModification/Bugzilla24053/Bugzilla24053.TC.014.xml
-c tests/XMP/XMP_XFW004/IntegrationTestSetup/custom.xtt.conf.xml -s tests/XMP/XMP_XFW004/Addon/RequestModification/Bugzilla24053/Bugzilla24053.TC.017.xml
-c tests/XMP/XMP_XFW004/IntegrationTestSetup/custom.xtt.conf.xml -s tests/XMP/XMP_XFW004/Addon/RequestModification/Bugzilla24053/Bugzilla24053.TC.018.xml
-c tests/XMP/XMP_XFW004/IntegrationTestSetup/custom.xtt.conf.xml -s tests/XMP/XMP_XFW004/Addon/RequestModification/Bugzilla24053/Bugzilla24053.TC.019.xml
-c tests/XMP/XMP_XFW004/IntegrationTestSetup/custom.xtt.conf.xml -s tests/XMP/XMP_XFW004/Addon/RequestModification/Bugzilla24053/Bugzilla24053.TC.020.xml
-c tests/XMP/XMP_XFW004/IntegrationTestSetup/custom.xtt.conf.xml -s tests/XMP/XMP_XFW004/Addon/RequestModification/Bugzilla24053/Bugzilla24053.TC.021.xml
-c tests/XMP/XMP_XFW004/IntegrationTestSetup/custom.xtt.conf.xml -s tests/XMP/XMP_XFW004/Addon/RequestModification/Bugzilla24053/Bugzilla24053.TC.022.xml
-c tests/XMP/XMP_XFW004/IntegrationTestSetup/custom.xtt.conf.xml -s tests/XMP/XMP_XFW004/Addon/RequestModification/Bugzilla24053/Bugzilla24053.TC.023.xml
-c tests/XMP/XMP_XFW004/IntegrationTestSetup/custom.xtt.conf.xml -s tests/XMP/XMP_XFW004/Addon/RequestModification/OtherTickets/Bugzilla26121.TC.001.xml
-c tests/XMP/XMP_XFW004/IntegrationTestSetup/custom.xtt.conf.xml -s tests/XMP/XMP_XFW004/Addon/RequestModification/OtherTickets/Bugzilla26156.TC.001.xml
-c tests/XMP/XMP_XFW004/IntegrationTestSetup/custom.xtt.conf.xml -s tests/XMP/XMP_XFW004/Addon/Loganon/Bugzilla24253/Bugzilla24253.TC.001.xml #TIME_OUT=20
-c tests/XMP/XMP_XFW004/IntegrationTestSetup/custom.xtt.conf.xml -s tests/XMP/XMP_XFW004/Addon/Loganon/Bugzilla24253/Bugzilla24253.TC.002.xml #TIME_OUT=20
-c tests/XMP/XMP_XFW004/IntegrationTestSetup/custom.xtt.conf.xml -s tests/XMP/XMP_XFW004/Addon/Loganon/Bugzilla24253/Bugzilla24253.TC.003.xml #TIME_OUT=20
-c tests/XMP/XMP_XFW004/IntegrationTestSetup/custom.xtt.conf.xml -s tests/XMP/XMP_XFW004/Addon/Loganon/Bugzilla24253/Bugzilla24253.TC.004.xml #TIME_OUT=20
-c tests/XMP/XMP_XFW004/IntegrationTestSetup/custom.xtt.conf.xml -s tests/XMP/XMP_XFW004/Addon/Loganon/Bugzilla24253/Bugzilla24253.TC.005.xml #TIME_OUT=20
-c tests/XMP/XMP_XFW004/IntegrationTestSetup/custom.xtt.conf.xml -s tests/XMP/XMP_XFW004/Addon/Loganon/Bugzilla24253/Bugzilla24253.TC.006.xml #TIME_OUT=20
-c tests/XMP/XMP_XFW004/IntegrationTestSetup/custom.xtt.conf.xml -s tests/XMP/XMP_XFW004/Addon/Loganon/Bugzilla24253/Bugzilla24253.TC.007.xml #TIME_OUT=20
-c tests/XMP/XMP_XFW004/IntegrationTestSetup/custom.xtt.conf.xml -s tests/XMP/XMP_XFW004/Addon/Loganon/Bugzilla24253/Bugzilla24253.TC.008.xml #TIME_OUT=20
-c tests/XMP/XMP_XFW004/IntegrationTestSetup/custom.xtt.conf.xml -s tests/XMP/XMP_XFW004/Addon/Loganon/Bugzilla24253/Bugzilla24253.TC.009.xml #TIME_OUT=20
-c tests/XMP/XMP_XFW004/IntegrationTestSetup/custom.xtt.conf.xml -s tests/XMP/XMP_XFW004/Addon/Loganon/Bugzilla24253/Bugzilla24253.TC.010.xml #TIME_OUT=20
-c tests/XMP/XMP_XFW004/IntegrationTestSetup/custom.xtt.conf.xml -s tests/bz/bz23455.xml
-c tests/XMP/XMP_XFW004/IntegrationTestSetup/custom.xtt.conf.xml -s tests/XMP/XMP_XFW004/failover/failoverTC002.xml
-c tests/XMP/XMP_XFW004/IntegrationTestSetup/custom.xtt.conf.xml -s tests/XMP/XMP_XFW004/failover/failoverTC003.xml
-c tests/XMP/XMP_XFW004/IntegrationTestSetup/custom.xtt.conf.xml -s tests/XMP/XMP_XFW004/failover/failoverTC004.xml
-c tests/XMP/XMP_XFW004/IntegrationTestSetup/custom.xtt.conf.xml -s tests/XMP/XMP_XFW004/xmpIntegration/integrationTC001.xml

# 
