-c tests/xsam/3.1/integration/config.xml -s tests/xsam/3.1/integration/integrationTC002.xml
-c tests/xsam/3.1/integration/config.xml -s tests/xsam/3.1/initializeXSAM.xml
-c tests/xsam/3.1/integration/config.xml -s tests/xsam/3.1/diameter/successMTTC.001.xml
-c tests/xsam/3.1/integration/config.xml -s tests/xsam/3.1/diameter/successMTTC.002.xml
-c tests/xsam/3.1/integration/config.xml -s tests/xsam/3.1/diameter/successMTTC.003.xml
-c tests/xsam/3.1/integration/config.xml -s tests/xsam/3.1/diameter/successMTTC.004.xml
-c tests/xsam/3.1/integration/config.xml -s tests/xsam/3.1/diameter/successMTTC.005.xml
-c tests/xsam/3.1/integration/config.xml -s tests/xsam/3.1/diameter/successMTTC.006.xml
-c tests/xsam/3.1/integration/config.xml -s tests/xsam/3.1/diameter/successMTTC.007.xml
-c tests/xsam/3.1/integration/config.xml -s tests/xsam/3.1/diameter/successMTTC.008.xml
-c tests/xsam/3.1/integration/config.xml -s tests/xsam/3.1/diameter/successMTTC.009.xml
-c tests/xsam/3.1/integration/config.xml -s tests/xsam/3.1/diameter/successMTTC.010.xml
-c tests/xsam/3.1/integration/config.xml -s tests/xsam/3.1/diameter/successMTTC.025.xml
-c tests/xsam/3.1/integration/config.xml -s tests/xsam/3.1/diameter/successMTTC.026.xml
-c tests/xsam/3.1/integration/config.xml -s tests/xsam/3.1/diameter/successMTTC.011/successMTTC.011.000.xml
-c tests/xsam/3.1/integration/config.xml -s tests/xsam/3.1/diameter/successMTTC.011/successMTTC.011.001.xml
-c tests/xsam/3.1/integration/config.xml -s tests/xsam/3.1/diameter/successMTTC.011/successMTTC.011.002.xml
-c tests/xsam/3.1/integration/config.xml -s tests/xsam/3.1/diameter/successMTTC.011/successMTTC.011.003.xml
-c tests/xsam/3.1/integration/config.xml -s tests/xsam/3.1/diameter/successMTTC.011/successMTTC.011.004.xml
-c tests/xsam/3.1/integration/config.xml -s tests/xsam/3.1/diameter/successMTTC.011/successMTTC.011.005.xml
-c tests/xsam/3.1/integration/config.xml -s tests/xsam/3.1/diameter/successMTTC.011/successMTTC.011.006.xml
-c tests/xsam/3.1/integration/config.xml -s tests/xsam/3.1/diameter/successMTTC.011/successMTTC.011.007.xml
-c tests/xsam/3.1/integration/config.xml -s tests/xsam/3.1/diameter/successMTTC.011/successMTTC.011.008.xml
-c tests/xsam/3.1/integration/config.xml -s tests/xsam/3.1/diameter/successMTTC.011/successMTTC.011.009.xml
-c tests/xsam/3.1/integration/config.xml -s tests/xsam/3.1/diameter/successMTTC.011/successMTTC.011.010.xml
-c tests/xsam/3.1/integration/config.xml -s tests/xsam/3.1/diameter/successMTTC.011/successMTTC.011.011.xml
-c tests/xsam/3.1/integration/config.xml -s tests/xsam/3.1/diameter/successMTTC.011/successMTTC.011.012.xml
-c tests/xsam/3.1/integration/config.xml -s tests/xsam/3.1/diameter/successMTTC.011/successMTTC.011.013.xml
-c tests/xsam/3.1/integration/config.xml -s tests/xsam/3.1/diameter/successMTTC.011/successMTTC.011.014.xml
-c tests/xsam/3.1/integration/config.xml -s tests/xsam/3.1/diameter/successMTTC.011/successMTTC.011.015.xml
-c tests/xsam/3.1/integration/config.xml -s tests/xsam/3.1/diameter/successMTTC.011/successMTTC.011.016.xml
-c tests/xsam/3.1/integration/config.xml -s tests/xsam/3.1/diameter/successMTTC.011/successMTTC.011.017.xml
-c tests/xsam/3.1/integration/config.xml -s tests/xsam/3.1/diameter/successMTTC.011/successMTTC.011.018.xml
-c tests/xsam/3.1/integration/config.xml -s tests/xsam/3.1/diameter/successMTTC.011/successMTTC.011.019.xml
-c tests/xsam/3.1/integration/config.xml -s tests/xsam/3.1/diameter/successMTTC.011/successMTTC.011.020.xml
-c tests/xsam/3.1/integration/config.xml -s tests/xsam/3.1/diameter/successMTTC.011/successMTTC.011.021.xml
-c tests/xsam/3.1/integration/config.xml -s tests/xsam/3.1/diameter/successMTTC.011/successMTTC.011.022.xml
-c tests/xsam/3.1/integration/config.xml -s tests/xsam/3.1/diameter/successMTTC.011/successMTTC.011.023.xml
-c tests/xsam/3.1/integration/config.xml -s tests/xsam/3.1/diameter/successMTTC.011/successMTTC.011.024.xml
-c tests/xsam/3.1/integration/config.xml -s tests/xsam/3.1/diameter/successMTTC.011/successMTTC.011.025.xml
-c tests/xsam/3.1/integration/config.xml -s tests/xsam/3.1/diameter/successMTTC.011/successMTTC.011.026.xml
-c tests/xsam/3.1/integration/config.xml -s tests/xsam/3.1/diameter/successMTTC.011/successMTTC.011.027.xml
-c tests/xsam/3.1/integration/config.xml -s tests/xsam/3.1/diameter/successMTTC.011/successMTTC.011.028.xml
-c tests/xsam/3.1/integration/config.xml -s tests/xsam/3.1/diameter/successMTTC.011/successMTTC.011.029.xml
-c tests/xsam/3.1/integration/config.xml -s tests/xsam/3.1/diameter/successMTTC.011/successMTTC.011.030.xml
-c tests/xsam/3.1/integration/config.xml -s tests/xsam/3.1/diameter/successMTTC.011/successMTTC.011.031.xml
-c tests/xsam/3.1/integration/config.xml -s tests/xsam/3.1/diameter/successMTTC.011/successMTTC.011.032.xml
-c tests/xsam/3.1/integration/config.xml -s tests/xsam/3.1/diameter/successMTTC.011/successMTTC.011.033.xml
-c tests/xsam/3.1/integration/config.xml -s tests/xsam/3.1/diameter/successMTTC.011/successMTTC.011.034.xml
-c tests/xsam/3.1/integration/config.xml -s tests/xsam/3.1/diameter/successMTTC.011/successMTTC.011.035.xml
-c tests/xsam/3.1/integration/config.xml -s tests/xsam/3.1/diameter/successMTTC.011/successMTTC.011.036.xml
-c tests/xsam/3.1/integration/config.xml -s tests/xsam/3.1/diameter/successMTTC.011/successMTTC.011.037.xml
-c tests/xsam/3.1/integration/config.xml -s tests/xsam/3.1/diameter/successMTTC.011/successMTTC.011.038.xml
-c tests/xsam/3.1/integration/config.xml -s tests/xsam/3.1/diameter/successMTTC.011/successMTTC.011.039.xml
-c tests/xsam/3.1/integration/config.xml -s tests/xsam/3.1/diameter/successMTTC.011/successMTTC.011.100.xml
-c tests/xsam/3.1/integration/config.xml -s tests/xsam/3.1/diameter/successMTTC.011/successMTTC.011.101.xml
-c tests/xsam/3.1/integration/config.xml -s tests/xsam/3.1/diameter/successMTTC.011/successMTTC.011.102.xml
-c tests/xsam/3.1/integration/config.xml -s tests/xsam/3.1/diameter/successMTTC.011/successMTTC.011.103.xml
-c tests/xsam/3.1/integration/config.xml -s tests/xsam/3.1/diameter/successMTTC.011/successMTTC.011.104.xml
-c tests/xsam/3.1/integration/config.xml -s tests/xsam/3.1/diameter/successMTTC.011/successMTTC.011.105.xml
-c tests/xsam/3.1/integration/config.xml -s tests/xsam/3.1/diameter/successMTTC.011/successMTTC.011.106.xml
-c tests/xsam/3.1/integration/config.xml -s tests/xsam/3.1/diameter/successMTTC.011/successMTTC.011.107.xml
-c tests/xsam/3.1/integration/config.xml -s tests/xsam/3.1/diameter/successMTTC.011/successMTTC.011.108.xml
-c tests/xsam/3.1/integration/config.xml -s tests/xsam/3.1/diameter/successMTTC.011/successMTTC.011.109.xml
-c tests/xsam/3.1/integration/config.xml -s tests/xsam/3.1/diameter/successMTTC.011/successMTTC.011.110.xml
-c tests/xsam/3.1/integration/config.xml -s tests/xsam/3.1/diameter/successMTTC.011/successMTTC.011.111.xml
-c tests/xsam/3.1/integration/config.xml -s tests/xsam/3.1/diameter/successMTTC.011/successMTTC.011.112.xml
-c tests/xsam/3.1/integration/config.xml -s tests/xsam/3.1/diameter/successMTTC.011/successMTTC.011.113.xml
-c tests/xsam/3.1/integration/config.xml -s tests/xsam/3.1/diameter/successMTTC.011/successMTTC.011.114.xml
-c tests/xsam/3.1/integration/config.xml -s tests/xsam/3.1/diameter/successMTTC.011/successMTTC.011.115.xml
-c tests/xsam/3.1/integration/config.xml -s tests/xsam/3.1/diameter/successMTTC.011/successMTTC.011.116.xml
-c tests/xsam/3.1/integration/config.xml -s tests/xsam/3.1/diameter/successMTTC.011/successMTTC.011.117.xml
-c tests/xsam/3.1/integration/config.xml -s tests/xsam/3.1/diameter/successMTTC.011/successMTTC.011.118.xml
-c tests/xsam/3.1/integration/config.xml -s tests/xsam/3.1/diameter/successMTTC.011/successMTTC.011.119.xml
-c tests/xsam/3.1/integration/config.xml -s tests/xsam/3.1/diameter/successMTTC.011/successMTTC.011.120.xml
-c tests/xsam/3.1/integration/config.xml -s tests/xsam/3.1/diameter/successMTTC.011/successMTTC.011.121.xml
-c tests/xsam/3.1/integration/config.xml -s tests/xsam/3.1/diameter/successMTTC.011/successMTTC.011.122.xml
-c tests/xsam/3.1/integration/config.xml -s tests/xsam/3.1/diameter/successMTTC.011/successMTTC.011.123.xml
-c tests/xsam/3.1/integration/config.xml -s tests/xsam/3.1/diameter/successMTTC.011/successMTTC.011.124.xml
-c tests/xsam/3.1/integration/config.xml -s tests/xsam/3.1/diameter/successMTTC.011/successMTTC.011.125.xml
-c tests/xsam/3.1/integration/config.xml -s tests/xsam/3.1/diameter/successMTTC.011/successMTTC.011.126.xml
-c tests/xsam/3.1/integration/config.xml -s tests/xsam/3.1/diameter/successMTTC.011/successMTTC.011.127.xml
-c tests/xsam/3.1/integration/config.xml -s tests/xsam/3.1/diameter/successMTTC.011/successMTTC.011.128.xml
-c tests/xsam/3.1/integration/config.xml -s tests/xsam/3.1/diameter/successMTTC.011/successMTTC.011.129.xml
-c tests/xsam/3.1/integration/config.xml -s tests/xsam/3.1/diameter/successMTTC.011/successMTTC.011.130.xml
-c tests/xsam/3.1/integration/config.xml -s tests/xsam/3.1/diameter/successMTTC.011/successMTTC.011.131.xml
-c tests/xsam/3.1/integration/config.xml -s tests/xsam/3.1/diameter/successMTTC.011/successMTTC.011.132.xml
-c tests/xsam/3.1/integration/config.xml -s tests/xsam/3.1/diameter/successMTTC.011/successMTTC.011.133.xml
-c tests/xsam/3.1/integration/config.xml -s tests/xsam/3.1/diameter/successMTTC.011/successMTTC.011.134.xml
-c tests/xsam/3.1/integration/config.xml -s tests/xsam/3.1/diameter/successMTTC.011/successMTTC.011.135.xml
-c tests/xsam/3.1/integration/config.xml -s tests/xsam/3.1/diameter/successMTTC.011/successMTTC.011.136.xml
-c tests/xsam/3.1/integration/config.xml -s tests/xsam/3.1/diameter/successMTTC.011/successMTTC.011.137.xml
-c tests/xsam/3.1/integration/config.xml -s tests/xsam/3.1/diameter/successMTTC.011/successMTTC.011.138.xml
-c tests/xsam/3.1/integration/config.xml -s tests/xsam/3.1/diameter/successMTTC.011/successMTTC.011.139.xml
-c tests/xsam/3.1/integration/config.xml -s tests/xsam/3.1/diameter/successMTTC.011/successMTTC.011.200.xml
-c tests/xsam/3.1/integration/config.xml -s tests/xsam/3.1/diameter/successMTTC.011/successMTTC.011.201.xml
-c tests/xsam/3.1/integration/config.xml -s tests/xsam/3.1/diameter/successMTTC.011/successMTTC.011.202.xml
-c tests/xsam/3.1/integration/config.xml -s tests/xsam/3.1/diameter/successMTTC.011/successMTTC.011.203.xml
-c tests/xsam/3.1/integration/config.xml -s tests/xsam/3.1/diameter/successMTTC.011/successMTTC.011.204.xml
-c tests/xsam/3.1/integration/config.xml -s tests/xsam/3.1/diameter/successMTTC.011/successMTTC.011.205.xml
-c tests/xsam/3.1/integration/config.xml -s tests/xsam/3.1/diameter/successMTTC.011/successMTTC.011.206.xml
-c tests/xsam/3.1/integration/config.xml -s tests/xsam/3.1/diameter/successMTTC.011/successMTTC.011.207.xml
-c tests/xsam/3.1/integration/config.xml -s tests/xsam/3.1/diameter/successMTTC.011/successMTTC.011.208.xml
-c tests/xsam/3.1/integration/config.xml -s tests/xsam/3.1/diameter/successMTTC.011/successMTTC.011.209.xml
-c tests/xsam/3.1/integration/config.xml -s tests/xsam/3.1/diameter/successMTTC.011/successMTTC.011.210.xml
-c tests/xsam/3.1/integration/config.xml -s tests/xsam/3.1/diameter/successMTTC.011/successMTTC.011.211.xml
-c tests/xsam/3.1/integration/config.xml -s tests/xsam/3.1/diameter/successMTTC.011/successMTTC.011.212.xml
-c tests/xsam/3.1/integration/config.xml -s tests/xsam/3.1/diameter/successMTTC.011/successMTTC.011.213.xml
-c tests/xsam/3.1/integration/config.xml -s tests/xsam/3.1/diameter/successMTTC.011/successMTTC.011.214.xml
-c tests/xsam/3.1/integration/config.xml -s tests/xsam/3.1/diameter/successMTTC.011/successMTTC.011.215.xml
-c tests/xsam/3.1/integration/config.xml -s tests/xsam/3.1/diameter/successMTTC.011/successMTTC.011.216.xml
-c tests/xsam/3.1/integration/config.xml -s tests/xsam/3.1/diameter/successMTTC.011/successMTTC.011.217.xml
-c tests/xsam/3.1/integration/config.xml -s tests/xsam/3.1/diameter/successMTTC.011/successMTTC.011.218.xml
-c tests/xsam/3.1/integration/config.xml -s tests/xsam/3.1/diameter/successMTTC.011/successMTTC.011.219.xml
-c tests/xsam/3.1/integration/config.xml -s tests/xsam/3.1/diameter/successMTTC.011/successMTTC.011.220.xml
-c tests/xsam/3.1/integration/config.xml -s tests/xsam/3.1/diameter/successMTTC.011/successMTTC.011.221.xml
-c tests/xsam/3.1/integration/config.xml -s tests/xsam/3.1/diameter/successMTTC.011/successMTTC.011.222.xml
-c tests/xsam/3.1/integration/config.xml -s tests/xsam/3.1/diameter/successMTTC.011/successMTTC.011.223.xml
-c tests/xsam/3.1/integration/config.xml -s tests/xsam/3.1/diameter/successMTTC.011/successMTTC.011.224.xml
-c tests/xsam/3.1/integration/config.xml -s tests/xsam/3.1/diameter/successMTTC.011/successMTTC.011.225.xml
-c tests/xsam/3.1/integration/config.xml -s tests/xsam/3.1/diameter/successMTTC.011/successMTTC.011.226.xml
-c tests/xsam/3.1/integration/config.xml -s tests/xsam/3.1/diameter/successMTTC.011/successMTTC.011.227.xml
-c tests/xsam/3.1/integration/config.xml -s tests/xsam/3.1/diameter/successMTTC.011/successMTTC.011.228.xml
-c tests/xsam/3.1/integration/config.xml -s tests/xsam/3.1/diameter/successMTTC.011/successMTTC.011.229.xml
-c tests/xsam/3.1/integration/config.xml -s tests/xsam/3.1/diameter/successMTTC.011/successMTTC.011.230.xml
-c tests/xsam/3.1/integration/config.xml -s tests/xsam/3.1/diameter/successMTTC.011/successMTTC.011.231.xml
-c tests/xsam/3.1/integration/config.xml -s tests/xsam/3.1/diameter/successMTTC.011/successMTTC.011.232.xml
-c tests/xsam/3.1/integration/config.xml -s tests/xsam/3.1/diameter/successMTTC.011/successMTTC.011.233.xml
-c tests/xsam/3.1/integration/config.xml -s tests/xsam/3.1/diameter/successMTTC.011/successMTTC.011.234.xml
-c tests/xsam/3.1/integration/config.xml -s tests/xsam/3.1/diameter/successMTTC.011/successMTTC.011.235.xml
-c tests/xsam/3.1/integration/config.xml -s tests/xsam/3.1/diameter/successMTTC.011/successMTTC.011.236.xml
-c tests/xsam/3.1/integration/config.xml -s tests/xsam/3.1/diameter/successMTTC.011/successMTTC.011.237.xml
-c tests/xsam/3.1/integration/config.xml -s tests/xsam/3.1/diameter/successMTTC.011/successMTTC.011.238.xml
-c tests/xsam/3.1/integration/config.xml -s tests/xsam/3.1/diameter/successMTTC.011/successMTTC.011.239.xml
-c tests/xsam/3.1/integration/config.xml -s tests/xsam/3.1/diameter/successMTTC.012/successMTTC.012.000.xml
-c tests/xsam/3.1/integration/config.xml -s tests/xsam/3.1/diameter/successMTTC.012/successMTTC.012.001.xml
-c tests/xsam/3.1/integration/config.xml -s tests/xsam/3.1/diameter/successMTTC.012/successMTTC.012.002.xml
-c tests/xsam/3.1/integration/config.xml -s tests/xsam/3.1/diameter/successMTTC.012/successMTTC.012.003.xml
-c tests/xsam/3.1/integration/config.xml -s tests/xsam/3.1/diameter/successMTTC.012/successMTTC.012.004.xml
-c tests/xsam/3.1/integration/config.xml -s tests/xsam/3.1/diameter/successMTTC.012/successMTTC.012.005.xml
-c tests/xsam/3.1/integration/config.xml -s tests/xsam/3.1/diameter/successMTTC.012/successMTTC.012.006.xml
-c tests/xsam/3.1/integration/config.xml -s tests/xsam/3.1/diameter/successMTTC.012/successMTTC.012.007.xml
-c tests/xsam/3.1/integration/config.xml -s tests/xsam/3.1/diameter/successMTTC.012/successMTTC.012.008.xml
-c tests/xsam/3.1/integration/config.xml -s tests/xsam/3.1/diameter/successMTTC.012/successMTTC.012.009.xml
-c tests/xsam/3.1/integration/config.xml -s tests/xsam/3.1/diameter/successMTTC.012/successMTTC.012.010.xml
-c tests/xsam/3.1/integration/config.xml -s tests/xsam/3.1/diameter/successMTTC.012/successMTTC.012.011.xml
-c tests/xsam/3.1/integration/config.xml -s tests/xsam/3.1/diameter/successMTTC.012/successMTTC.012.012.xml
-c tests/xsam/3.1/integration/config.xml -s tests/xsam/3.1/diameter/successMTTC.012/successMTTC.012.013.xml
-c tests/xsam/3.1/integration/config.xml -s tests/xsam/3.1/diameter/successMTTC.012/successMTTC.012.014.xml
-c tests/xsam/3.1/integration/config.xml -s tests/xsam/3.1/diameter/successMTTC.012/successMTTC.012.015.xml
-c tests/xsam/3.1/integration/config.xml -s tests/xsam/3.1/diameter/successMTTC.012/successMTTC.012.016.xml
-c tests/xsam/3.1/integration/config.xml -s tests/xsam/3.1/diameter/successMTTC.012/successMTTC.012.017.xml
-c tests/xsam/3.1/integration/config.xml -s tests/xsam/3.1/diameter/successMTTC.012/successMTTC.012.018.xml
-c tests/xsam/3.1/integration/config.xml -s tests/xsam/3.1/diameter/successMTTC.012/successMTTC.012.019.xml
-c tests/xsam/3.1/integration/config.xml -s tests/xsam/3.1/diameter/successMTTC.012/successMTTC.012.020.xml
-c tests/xsam/3.1/integration/config.xml -s tests/xsam/3.1/diameter/successMTTC.012/successMTTC.012.021.xml
-c tests/xsam/3.1/integration/config.xml -s tests/xsam/3.1/diameter/successMTTC.012/successMTTC.012.022.xml
-c tests/xsam/3.1/integration/config.xml -s tests/xsam/3.1/diameter/successMTTC.012/successMTTC.012.023.xml
-c tests/xsam/3.1/integration/config.xml -s tests/xsam/3.1/diameter/successMTTC.012/successMTTC.012.024.xml
-c tests/xsam/3.1/integration/config.xml -s tests/xsam/3.1/diameter/successMTTC.012/successMTTC.012.025.xml
-c tests/xsam/3.1/integration/config.xml -s tests/xsam/3.1/diameter/successMTTC.012/successMTTC.012.026.xml
-c tests/xsam/3.1/integration/config.xml -s tests/xsam/3.1/diameter/successMTTC.012/successMTTC.012.027.xml
-c tests/xsam/3.1/integration/config.xml -s tests/xsam/3.1/diameter/successMTTC.012/successMTTC.012.028.xml
-c tests/xsam/3.1/integration/config.xml -s tests/xsam/3.1/diameter/successMTTC.012/successMTTC.012.029.xml
-c tests/xsam/3.1/integration/config.xml -s tests/xsam/3.1/diameter/successMTTC.012/successMTTC.012.030.xml
-c tests/xsam/3.1/integration/config.xml -s tests/xsam/3.1/diameter/successMTTC.012/successMTTC.012.031.xml
-c tests/xsam/3.1/integration/config.xml -s tests/xsam/3.1/diameter/successMTTC.012/successMTTC.012.032.xml
-c tests/xsam/3.1/integration/config.xml -s tests/xsam/3.1/diameter/successMTTC.012/successMTTC.012.033.xml
-c tests/xsam/3.1/integration/config.xml -s tests/xsam/3.1/diameter/successMTTC.012/successMTTC.012.034.xml
-c tests/xsam/3.1/integration/config.xml -s tests/xsam/3.1/diameter/successMTTC.012/successMTTC.012.035.xml
-c tests/xsam/3.1/integration/config.xml -s tests/xsam/3.1/diameter/successMTTC.012/successMTTC.012.036.xml
-c tests/xsam/3.1/integration/config.xml -s tests/xsam/3.1/diameter/successMTTC.012/successMTTC.012.037.xml
-c tests/xsam/3.1/integration/config.xml -s tests/xsam/3.1/diameter/successMTTC.012/successMTTC.012.038.xml
-c tests/xsam/3.1/integration/config.xml -s tests/xsam/3.1/diameter/successMTTC.012/successMTTC.012.039.xml
-c tests/xsam/3.1/integration/config.xml -s tests/xsam/3.1/diameter/successMTTC.012/successMTTC.012.100.xml
-c tests/xsam/3.1/integration/config.xml -s tests/xsam/3.1/diameter/successMTTC.012/successMTTC.012.101.xml
-c tests/xsam/3.1/integration/config.xml -s tests/xsam/3.1/diameter/successMTTC.012/successMTTC.012.102.xml
-c tests/xsam/3.1/integration/config.xml -s tests/xsam/3.1/diameter/successMTTC.012/successMTTC.012.103.xml
-c tests/xsam/3.1/integration/config.xml -s tests/xsam/3.1/diameter/successMTTC.012/successMTTC.012.104.xml
-c tests/xsam/3.1/integration/config.xml -s tests/xsam/3.1/diameter/successMTTC.012/successMTTC.012.105.xml
-c tests/xsam/3.1/integration/config.xml -s tests/xsam/3.1/diameter/successMTTC.012/successMTTC.012.106.xml
-c tests/xsam/3.1/integration/config.xml -s tests/xsam/3.1/diameter/successMTTC.012/successMTTC.012.107.xml
-c tests/xsam/3.1/integration/config.xml -s tests/xsam/3.1/diameter/successMTTC.012/successMTTC.012.108.xml
-c tests/xsam/3.1/integration/config.xml -s tests/xsam/3.1/diameter/successMTTC.012/successMTTC.012.109.xml
-c tests/xsam/3.1/integration/config.xml -s tests/xsam/3.1/diameter/successMTTC.012/successMTTC.012.110.xml
-c tests/xsam/3.1/integration/config.xml -s tests/xsam/3.1/diameter/successMTTC.012/successMTTC.012.111.xml
-c tests/xsam/3.1/integration/config.xml -s tests/xsam/3.1/diameter/successMTTC.012/successMTTC.012.112.xml
-c tests/xsam/3.1/integration/config.xml -s tests/xsam/3.1/diameter/successMTTC.012/successMTTC.012.113.xml
-c tests/xsam/3.1/integration/config.xml -s tests/xsam/3.1/diameter/successMTTC.012/successMTTC.012.114.xml
-c tests/xsam/3.1/integration/config.xml -s tests/xsam/3.1/diameter/successMTTC.012/successMTTC.012.115.xml
-c tests/xsam/3.1/integration/config.xml -s tests/xsam/3.1/diameter/successMTTC.012/successMTTC.012.116.xml
-c tests/xsam/3.1/integration/config.xml -s tests/xsam/3.1/diameter/successMTTC.012/successMTTC.012.117.xml
-c tests/xsam/3.1/integration/config.xml -s tests/xsam/3.1/diameter/successMTTC.012/successMTTC.012.118.xml
-c tests/xsam/3.1/integration/config.xml -s tests/xsam/3.1/diameter/successMTTC.012/successMTTC.012.119.xml
-c tests/xsam/3.1/integration/config.xml -s tests/xsam/3.1/diameter/successMTTC.012/successMTTC.012.120.xml
-c tests/xsam/3.1/integration/config.xml -s tests/xsam/3.1/diameter/successMTTC.012/successMTTC.012.121.xml
-c tests/xsam/3.1/integration/config.xml -s tests/xsam/3.1/diameter/successMTTC.012/successMTTC.012.122.xml
-c tests/xsam/3.1/integration/config.xml -s tests/xsam/3.1/diameter/successMTTC.012/successMTTC.012.123.xml
-c tests/xsam/3.1/integration/config.xml -s tests/xsam/3.1/diameter/successMTTC.012/successMTTC.012.124.xml
-c tests/xsam/3.1/integration/config.xml -s tests/xsam/3.1/diameter/successMTTC.012/successMTTC.012.125.xml
-c tests/xsam/3.1/integration/config.xml -s tests/xsam/3.1/diameter/successMTTC.012/successMTTC.012.126.xml
-c tests/xsam/3.1/integration/config.xml -s tests/xsam/3.1/diameter/successMTTC.012/successMTTC.012.127.xml
-c tests/xsam/3.1/integration/config.xml -s tests/xsam/3.1/diameter/successMTTC.012/successMTTC.012.128.xml
-c tests/xsam/3.1/integration/config.xml -s tests/xsam/3.1/diameter/successMTTC.012/successMTTC.012.129.xml
-c tests/xsam/3.1/integration/config.xml -s tests/xsam/3.1/diameter/successMTTC.012/successMTTC.012.130.xml
-c tests/xsam/3.1/integration/config.xml -s tests/xsam/3.1/diameter/successMTTC.012/successMTTC.012.131.xml
-c tests/xsam/3.1/integration/config.xml -s tests/xsam/3.1/diameter/successMTTC.012/successMTTC.012.132.xml
-c tests/xsam/3.1/integration/config.xml -s tests/xsam/3.1/diameter/successMTTC.012/successMTTC.012.133.xml
-c tests/xsam/3.1/integration/config.xml -s tests/xsam/3.1/diameter/successMTTC.012/successMTTC.012.134.xml
-c tests/xsam/3.1/integration/config.xml -s tests/xsam/3.1/diameter/successMTTC.012/successMTTC.012.135.xml
-c tests/xsam/3.1/integration/config.xml -s tests/xsam/3.1/diameter/successMTTC.012/successMTTC.012.136.xml
-c tests/xsam/3.1/integration/config.xml -s tests/xsam/3.1/diameter/successMTTC.012/successMTTC.012.137.xml
-c tests/xsam/3.1/integration/config.xml -s tests/xsam/3.1/diameter/successMTTC.012/successMTTC.012.138.xml
-c tests/xsam/3.1/integration/config.xml -s tests/xsam/3.1/diameter/successMTTC.012/successMTTC.012.139.xml
-c tests/xsam/3.1/integration/config.xml -s tests/xsam/3.1/diameter/successMTTC.012/successMTTC.012.200.xml
-c tests/xsam/3.1/integration/config.xml -s tests/xsam/3.1/diameter/successMTTC.012/successMTTC.012.201.xml
-c tests/xsam/3.1/integration/config.xml -s tests/xsam/3.1/diameter/successMTTC.012/successMTTC.012.202.xml
-c tests/xsam/3.1/integration/config.xml -s tests/xsam/3.1/diameter/successMTTC.012/successMTTC.012.203.xml
-c tests/xsam/3.1/integration/config.xml -s tests/xsam/3.1/diameter/successMTTC.012/successMTTC.012.204.xml
-c tests/xsam/3.1/integration/config.xml -s tests/xsam/3.1/diameter/successMTTC.012/successMTTC.012.205.xml
-c tests/xsam/3.1/integration/config.xml -s tests/xsam/3.1/diameter/successMTTC.012/successMTTC.012.206.xml
-c tests/xsam/3.1/integration/config.xml -s tests/xsam/3.1/diameter/successMTTC.012/successMTTC.012.207.xml
-c tests/xsam/3.1/integration/config.xml -s tests/xsam/3.1/diameter/successMTTC.012/successMTTC.012.208.xml
-c tests/xsam/3.1/integration/config.xml -s tests/xsam/3.1/diameter/successMTTC.012/successMTTC.012.209.xml
-c tests/xsam/3.1/integration/config.xml -s tests/xsam/3.1/diameter/successMTTC.012/successMTTC.012.210.xml
-c tests/xsam/3.1/integration/config.xml -s tests/xsam/3.1/diameter/successMTTC.012/successMTTC.012.211.xml
-c tests/xsam/3.1/integration/config.xml -s tests/xsam/3.1/diameter/successMTTC.012/successMTTC.012.212.xml
-c tests/xsam/3.1/integration/config.xml -s tests/xsam/3.1/diameter/successMTTC.012/successMTTC.012.213.xml
-c tests/xsam/3.1/integration/config.xml -s tests/xsam/3.1/diameter/successMTTC.012/successMTTC.012.214.xml
-c tests/xsam/3.1/integration/config.xml -s tests/xsam/3.1/diameter/successMTTC.012/successMTTC.012.215.xml
-c tests/xsam/3.1/integration/config.xml -s tests/xsam/3.1/diameter/successMTTC.012/successMTTC.012.216.xml
-c tests/xsam/3.1/integration/config.xml -s tests/xsam/3.1/diameter/successMTTC.012/successMTTC.012.217.xml
-c tests/xsam/3.1/integration/config.xml -s tests/xsam/3.1/diameter/successMTTC.012/successMTTC.012.218.xml
-c tests/xsam/3.1/integration/config.xml -s tests/xsam/3.1/diameter/successMTTC.012/successMTTC.012.219.xml
-c tests/xsam/3.1/integration/config.xml -s tests/xsam/3.1/diameter/successMTTC.012/successMTTC.012.220.xml
-c tests/xsam/3.1/integration/config.xml -s tests/xsam/3.1/diameter/successMTTC.012/successMTTC.012.221.xml
-c tests/xsam/3.1/integration/config.xml -s tests/xsam/3.1/diameter/successMTTC.012/successMTTC.012.222.xml
-c tests/xsam/3.1/integration/config.xml -s tests/xsam/3.1/diameter/successMTTC.012/successMTTC.012.223.xml
-c tests/xsam/3.1/integration/config.xml -s tests/xsam/3.1/diameter/successMTTC.012/successMTTC.012.224.xml
-c tests/xsam/3.1/integration/config.xml -s tests/xsam/3.1/diameter/successMTTC.012/successMTTC.012.225.xml
-c tests/xsam/3.1/integration/config.xml -s tests/xsam/3.1/diameter/successMTTC.012/successMTTC.012.226.xml
-c tests/xsam/3.1/integration/config.xml -s tests/xsam/3.1/diameter/successMTTC.012/successMTTC.012.227.xml
-c tests/xsam/3.1/integration/config.xml -s tests/xsam/3.1/diameter/successMTTC.012/successMTTC.012.228.xml
-c tests/xsam/3.1/integration/config.xml -s tests/xsam/3.1/diameter/successMTTC.012/successMTTC.012.229.xml
-c tests/xsam/3.1/integration/config.xml -s tests/xsam/3.1/diameter/successMTTC.012/successMTTC.012.230.xml
-c tests/xsam/3.1/integration/config.xml -s tests/xsam/3.1/diameter/successMTTC.012/successMTTC.012.231.xml
-c tests/xsam/3.1/integration/config.xml -s tests/xsam/3.1/diameter/successMTTC.012/successMTTC.012.232.xml
-c tests/xsam/3.1/integration/config.xml -s tests/xsam/3.1/diameter/successMTTC.012/successMTTC.012.233.xml
-c tests/xsam/3.1/integration/config.xml -s tests/xsam/3.1/diameter/successMTTC.012/successMTTC.012.234.xml
-c tests/xsam/3.1/integration/config.xml -s tests/xsam/3.1/diameter/successMTTC.012/successMTTC.012.235.xml
-c tests/xsam/3.1/integration/config.xml -s tests/xsam/3.1/diameter/successMTTC.012/successMTTC.012.236.xml
-c tests/xsam/3.1/integration/config.xml -s tests/xsam/3.1/diameter/successMTTC.012/successMTTC.012.237.xml
-c tests/xsam/3.1/integration/config.xml -s tests/xsam/3.1/diameter/successMTTC.012/successMTTC.012.238.xml
-c tests/xsam/3.1/integration/config.xml -s tests/xsam/3.1/diameter/successMTTC.012/successMTTC.012.239.xml
-c tests/xsam/3.1/integration/config.xml -s tests/xsam/3.1/diameter/errorMTTC.001.xml
-c tests/xsam/3.1/integration/config.xml -s tests/xsam/3.1/diameter/errorMTTC.002.xml
-c tests/xsam/3.1/integration/config.xml -s tests/xsam/3.1/diameter/errorMTTC.003.xml
-c tests/xsam/3.1/integration/config.xml -s tests/xsam/3.1/diameter/errorMTTC.004.xml
-c tests/xsam/3.1/integration/config.xml -s tests/xsam/3.1/diameter/errorMTTC.005.xml
-c tests/xsam/3.1/integration/config.xml -s tests/xsam/3.1/diameter/errorMTTC.006.xml
-c tests/xsam/3.1/integration/config.xml -s tests/xsam/3.1/diameter/errorMTTC.007.xml
-c tests/xsam/3.1/integration/config.xml -s tests/xsam/3.1/diameter/errorMTTC.008.xml
-c tests/xsam/3.1/integration/config.xml -s tests/xsam/3.1/diameter/errorMTTC.009.xml
-c tests/xsam/3.1/integration/config.xml -s tests/xsam/3.1/diameter/errorMTTC.010.xml
-c tests/xsam/3.1/integration/config.xml -s tests/xsam/3.1/diameter/errorMTTC.013.xml
-c tests/xsam/3.1/integration/config.xml -s tests/xsam/3.1/diameter/errorMTTC.014.xml
-c tests/xsam/3.1/integration/config.xml -s tests/xsam/3.1/diameter/errorMTTC.015.xml
-c tests/xsam/3.1/integration/config.xml -s tests/xsam/3.1/diameter/errorMTTC.016.xml
-c tests/xsam/3.1/integration/config.xml -s tests/xsam/3.1/diameter/errorMTTC.017.xml
-c tests/xsam/3.1/integration/config.xml -s tests/xsam/3.1/diameter/errorMTTC.018.xml
-c tests/xsam/3.1/integration/config.xml -s tests/xsam/3.1/diameter/errorMTTC.019.xml
-c tests/xsam/3.1/integration/config.xml -s tests/xsam/3.1/diameter/errorMTTC.019-1.xml
-c tests/xsam/3.1/integration/config.xml -s tests/xsam/3.1/diameter/errorMTTC.020.xml
-c tests/xsam/3.1/integration/config.xml -s tests/xsam/3.1/diameter/errorMTTC.020-1.xml
-c tests/xsam/3.1/integration/config.xml -s tests/xsam/3.1/diameter/errorMTTC.021.xml
-c tests/xsam/3.1/integration/config.xml -s tests/xsam/3.1/diameter/errorMTTC.022.xml
-c tests/xsam/3.1/integration/config.xml -s tests/xsam/3.1/diameter/errorMTTC.023.xml
-c tests/xsam/3.1/integration/config.xml -s tests/xsam/3.1/diameter/errorMTTC.025.xml
-c tests/xsam/3.1/integration/config.xml -s tests/xsam/3.1/diameter/errorMTTC.026.xml
-c tests/xsam/3.1/integration/config.xml -s tests/xsam/3.1/diameter/errorMTTC.027.xml
-c tests/xsam/3.1/integration/config.xml -s tests/xsam/3.1/diameter/errorMTTC.028.xml
-c tests/xsam/3.1/integration/config.xml -s tests/xsam/3.1/diameter/errorMTTC.029.xml
-c tests/xsam/3.1/integration/config.xml -s tests/xsam/3.1/diameter/errorMTTC.030.xml
-c tests/xsam/3.1/integration/config.xml -s tests/xsam/3.1/diameter/errorMTTC.031.xml
-c tests/xsam/3.1/integration/config.xml -s tests/xsam/3.1/diameter/errorMTTC.032.xml
-c tests/xsam/3.1/integration/config.xml -s tests/xsam/3.1/diameter/errorMTTC.033.xml
-c tests/xsam/3.1/integration/config.xml -s tests/xsam/3.1/diameter/errorMTTC.034.xml
-c tests/xsam/3.1/integration/config.xml -s tests/xsam/3.1/diameter/errorMTTC.035.xml
-c tests/xsam/3.1/integration/config.xml -s tests/xsam/3.1/diameter/errorMTTC.036.xml
-c tests/xsam/3.1/integration/config.xml -s tests/xsam/3.1/diameter/errorMTTC.037.xml
-c tests/xsam/3.1/integration/config.xml -s tests/xsam/3.1/diameter/errorMTTC.038.xml
-c tests/xsam/3.1/integration/config.xml -s tests/xsam/3.1/diameter/errorMTTC.039.xml
-c tests/xsam/3.1/integration/config.xml -s tests/xsam/3.1/diameter/errorMTTC.040.xml
-c tests/xsam/3.1/integration/config.xml -s tests/xsam/3.1/diameter/errorMTTC.041.000.xml
-c tests/xsam/3.1/integration/config.xml -s tests/xsam/3.1/diameter/errorMTTC.041.001.xml
-c tests/xsam/3.1/integration/config.xml -s tests/xsam/3.1/diameter/errorMTTC.041.002.xml
-c tests/xsam/3.1/integration/config.xml -s tests/xsam/3.1/diameter/errorMTTC.042.000.xml
-c tests/xsam/3.1/integration/config.xml -s tests/xsam/3.1/diameter/errorMTTC.042.001.xml
-c tests/xsam/3.1/integration/config.xml -s tests/xsam/3.1/diameter/errorMTTC.042.002.xml
-c tests/xsam/3.1/integration/config.xml -s tests/xsam/3.1/diameter/errorMTTC.043.000.xml
-c tests/xsam/3.1/integration/config.xml -s tests/xsam/3.1/diameter/errorMTTC.043.001.xml
-c tests/xsam/3.1/integration/config.xml -s tests/xsam/3.1/diameter/errorMTTC.043.002.xml
-c tests/xsam/3.1/integration/config.xml -s tests/xsam/3.1/diameter/errorMTTC.044.000.xml
-c tests/xsam/3.1/integration/config.xml -s tests/xsam/3.1/diameter/errorMTTC.044.001.xml
-c tests/xsam/3.1/integration/config.xml -s tests/xsam/3.1/diameter/errorMTTC.044.002.xml
-c tests/xsam/3.1/integration/config.xml -s tests/xsam/3.1/diameter/errorMTTC.045.000.xml
-c tests/xsam/3.1/integration/config.xml -s tests/xsam/3.1/diameter/errorMTTC.045.001.xml
-c tests/xsam/3.1/integration/config.xml -s tests/xsam/3.1/diameter/errorMTTC.046.000.xml
-c tests/xsam/3.1/integration/config.xml -s tests/xsam/3.1/diameter/errorMTTC.046.001.xml
-c tests/xsam/3.1/integration/config.xml -s tests/xsam/3.1/diameter/errorMTTC.047.000.xml
-c tests/xsam/3.1/integration/config.xml -s tests/xsam/3.1/diameter/errorMTTC.047.001.xml
-c tests/xsam/3.1/integration/config.xml -s tests/xsam/3.1/diameter/errorMTTC.047.002.xml
-c tests/xsam/3.1/integration/config.xml -s tests/xsam/3.1/diameter/errorMTTC.047.003.xml
-c tests/xsam/3.1/integration/config.xml -s tests/xsam/3.1/diameter/errorMTTC.047.004.xml
-c tests/xsam/3.1/integration/config.xml -s tests/xsam/3.1/diameter/errorMTTC.047.005.xml
-c tests/xsam/3.1/integration/config.xml -s tests/xsam/3.1/diameter/errorMTTC.047.006.xml
-c tests/xsam/3.1/integration/config.xml -s tests/xsam/3.1/diameter/errorMTTC.047.007.xml
-c tests/xsam/3.1/integration/config.xml -s tests/xsam/3.1/diameter/errorMTTC.047.008.xml
-c tests/xsam/3.1/integration/config.xml -s tests/xsam/3.1/diameter/errorMTTC.047.009.xml
-c tests/xsam/3.1/integration/config.xml -s tests/xsam/3.1/diameter/errorMTTC.047.010.xml
-c tests/xsam/3.1/integration/config.xml -s tests/xsam/3.1/diameter/errorMTTC.047.011.xml
-c tests/xsam/3.1/integration/config.xml -s tests/xsam/3.1/diameter/errorMTTC.047.012.xml
-c tests/xsam/3.1/integration/config.xml -s tests/xsam/3.1/diameter/errorMTTC.047.013.xml
-c tests/xsam/3.1/integration/config.xml -s tests/xsam/3.1/diameter/errorMTTC.048.000.xml
-c tests/xsam/3.1/integration/config.xml -s tests/xsam/3.1/diameter/errorMTTC.048.001.xml
-c tests/xsam/3.1/integration/config.xml -s tests/xsam/3.1/diameter/errorMTTC.048.002.xml
-c tests/xsam/3.1/integration/config.xml -s tests/xsam/3.1/diameter/errorMTTC.048.003.xml
-c tests/xsam/3.1/integration/config.xml -s tests/xsam/3.1/diameter/errorMTTC.048.004.xml
-c tests/xsam/3.1/integration/config.xml -s tests/xsam/3.1/diameter/errorMTTC.048.005.xml
-c tests/xsam/3.1/integration/config.xml -s tests/xsam/3.1/diameter/errorMTTC.048.006.xml
-c tests/xsam/3.1/integration/config.xml -s tests/xsam/3.1/diameter/errorMTTC.048.007.xml
-c tests/xsam/3.1/integration/config.xml -s tests/xsam/3.1/diameter/errorMTTC.048.008.xml
-c tests/xsam/3.1/integration/config.xml -s tests/xsam/3.1/diameter/errorMTTC.048.009.xml
-c tests/xsam/3.1/integration/config.xml -s tests/xsam/3.1/diameter/errorMTTC.048.010.xml
-c tests/xsam/3.1/integration/config.xml -s tests/xsam/3.1/diameter/errorMTTC.048.011.xml
-c tests/xsam/3.1/integration/config.xml -s tests/xsam/3.1/diameter/errorMTTC.048.012.xml
-c tests/xsam/3.1/integration/config.xml -s tests/xsam/3.1/diameter/errorMTTC.048.013.xml
-c tests/xsam/3.1/integration/config.xml -s tests/xsam/3.1/diameter/errorMTTC.049.000.xml
-c tests/xsam/3.1/integration/config.xml -s tests/xsam/3.1/diameter/errorMTTC.049.001.xml
-c tests/xsam/3.1/integration/config.xml -s tests/xsam/3.1/diameter/errorMTTC.049.002.xml
-c tests/xsam/3.1/integration/config.xml -s tests/xsam/3.1/diameter/errorMTTC.049.003.xml
-c tests/xsam/3.1/integration/config.xml -s tests/xsam/3.1/diameter/errorMTTC.049.004.xml
-c tests/xsam/3.1/integration/config.xml -s tests/xsam/3.1/diameter/errorMTTC.049.005.xml
-c tests/xsam/3.1/integration/config.xml -s tests/xsam/3.1/diameter/errorMTTC.049.006.xml
-c tests/xsam/3.1/integration/config.xml -s tests/xsam/3.1/diameter/errorMTTC.049.007.xml
-c tests/xsam/3.1/integration/config.xml -s tests/xsam/3.1/diameter/errorMTTC.049.008.xml
-c tests/xsam/3.1/integration/config.xml -s tests/xsam/3.1/diameter/errorMTTC.049.009.xml
-c tests/xsam/3.1/integration/config.xml -s tests/xsam/3.1/diameter/errorMTTC.049.010.xml
-c tests/xsam/3.1/integration/config.xml -s tests/xsam/3.1/diameter/errorMTTC.049.011.xml
-c tests/xsam/3.1/integration/config.xml -s tests/xsam/3.1/diameter/errorMTTC.049.012.xml
-c tests/xsam/3.1/integration/config.xml -s tests/xsam/3.1/diameter/errorMTTC.049.013.xml
-c tests/xsam/3.1/integration/config.xml -s tests/xsam/3.1/diameter/errorMTTC.050.000.xml
-c tests/xsam/3.1/integration/config.xml -s tests/xsam/3.1/diameter/errorMTTC.050.001.xml
-c tests/xsam/3.1/integration/config.xml -s tests/xsam/3.1/diameter/errorMTTC.050.002.xml
-c tests/xsam/3.1/integration/config.xml -s tests/xsam/3.1/diameter/errorMTTC.050.003.xml
-c tests/xsam/3.1/integration/config.xml -s tests/xsam/3.1/diameter/errorMTTC.050.004.xml
-c tests/xsam/3.1/integration/config.xml -s tests/xsam/3.1/diameter/errorMTTC.050.005.xml
-c tests/xsam/3.1/integration/config.xml -s tests/xsam/3.1/diameter/errorMTTC.050.006.xml
-c tests/xsam/3.1/integration/config.xml -s tests/xsam/3.1/diameter/errorMTTC.050.007.xml
-c tests/xsam/3.1/integration/config.xml -s tests/xsam/3.1/diameter/errorMTTC.050.008.xml
-c tests/xsam/3.1/integration/config.xml -s tests/xsam/3.1/diameter/errorMTTC.050.009.xml
-c tests/xsam/3.1/integration/config.xml -s tests/xsam/3.1/diameter/errorMTTC.050.010.xml
-c tests/xsam/3.1/integration/config.xml -s tests/xsam/3.1/diameter/errorMTTC.050.011.xml
-c tests/xsam/3.1/integration/config.xml -s tests/xsam/3.1/diameter/errorMTTC.050.012.xml
-c tests/xsam/3.1/integration/config.xml -s tests/xsam/3.1/diameter/errorMTTC.050.013.xml
-c tests/xsam/3.1/integration/config.xml -s tests/xsam/3.1/diameter/errorMTTC.051.000.xml
-c tests/xsam/3.1/integration/config.xml -s tests/xsam/3.1/diameter/errorMTTC.051.001.xml
-c tests/xsam/3.1/integration/config.xml -s tests/xsam/3.1/diameter/errorMTTC.051.002.xml
-c tests/xsam/3.1/integration/config.xml -s tests/xsam/3.1/diameter/errorMTTC.051.003.xml
-c tests/xsam/3.1/integration/config.xml -s tests/xsam/3.1/diameter/errorMTTC.051.004.xml
-c tests/xsam/3.1/integration/config.xml -s tests/xsam/3.1/diameter/errorMTTC.051.005.xml
-c tests/xsam/3.1/integration/config.xml -s tests/xsam/3.1/diameter/errorMTTC.052.000.xml
-c tests/xsam/3.1/integration/config.xml -s tests/xsam/3.1/diameter/errorMTTC.052.001.xml
-c tests/xsam/3.1/integration/config.xml -s tests/xsam/3.1/diameter/errorMTTC.052.002.xml
-c tests/xsam/3.1/integration/config.xml -s tests/xsam/3.1/diameter/errorMTTC.052.003.xml
-c tests/xsam/3.1/integration/config.xml -s tests/xsam/3.1/diameter/errorMTTC.052.004.xml
-c tests/xsam/3.1/integration/config.xml -s tests/xsam/3.1/diameter/errorMTTC.052.005.xml
-c tests/xsam/3.1/integration/config.xml -s tests/xsam/3.1/diameter/errorMTTC.053.000.xml
-c tests/xsam/3.1/integration/config.xml -s tests/xsam/3.1/diameter/errorMTTC.053.001.xml
-c tests/xsam/3.1/integration/config.xml -s tests/xsam/3.1/diameter/errorMTTC.053.002.xml
-c tests/xsam/3.1/integration/config.xml -s tests/xsam/3.1/diameter/errorMTTC.053.003.xml
-c tests/xsam/3.1/integration/config.xml -s tests/xsam/3.1/diameter/errorMTTC.053.004.xml
-c tests/xsam/3.1/integration/config.xml -s tests/xsam/3.1/diameter/errorMTTC.053.005.xml
-c tests/xsam/3.1/integration/config.xml -s tests/xsam/3.1/diameter/errorMTTC.054.000.xml
-c tests/xsam/3.1/integration/config.xml -s tests/xsam/3.1/diameter/errorMTTC.054.001.xml
-c tests/xsam/3.1/integration/config.xml -s tests/xsam/3.1/diameter/errorMTTC.054.002.xml
-c tests/xsam/3.1/integration/config.xml -s tests/xsam/3.1/diameter/errorMTTC.054.003.xml
-c tests/xsam/3.1/integration/config.xml -s tests/xsam/3.1/diameter/errorMTTC.054.004.xml
-c tests/xsam/3.1/integration/config.xml -s tests/xsam/3.1/diameter/errorMTTC.054.005.xml
-c tests/xsam/3.1/integration/config.xml -s tests/xsam/3.1/diameter/errorMTTC.055.000.xml
-c tests/xsam/3.1/integration/config.xml -s tests/xsam/3.1/diameter/errorMTTC.055.001.xml
-c tests/xsam/3.1/integration/config.xml -s tests/xsam/3.1/diameter/errorMTTC.056.000.xml
-c tests/xsam/3.1/integration/config.xml -s tests/xsam/3.1/diameter/errorMTTC.056.001.xml
-c tests/xsam/3.1/integration/config.xml -s tests/xsam/3.1/diameter/errorMTTC.057.000.xml
-c tests/xsam/3.1/integration/config.xml -s tests/xsam/3.1/diameter/errorMTTC.057.001.xml
-c tests/xsam/3.1/integration/config.xml -s tests/xsam/3.1/diameter/errorMTTC.058.000.xml
-c tests/xsam/3.1/integration/config.xml -s tests/xsam/3.1/diameter/errorMTTC.058.001.xml
-c tests/xsam/3.1/integration/config.xml -s tests/xsam/3.1/diameter/errorMTTC.059.000.xml
-c tests/xsam/3.1/integration/config.xml -s tests/xsam/3.1/diameter/errorMTTC.059.001.xml
-c tests/xsam/3.1/integration/config.xml -s tests/xsam/3.1/diameter/errorMTTC.059.002.xml
-c tests/xsam/3.1/integration/config.xml -s tests/xsam/3.1/diameter/errorMTTC.059.003.xml
-c tests/xsam/3.1/integration/config.xml -s tests/xsam/3.1/diameter/errorMTTC.059.004.xml
-c tests/xsam/3.1/integration/config.xml -s tests/xsam/3.1/diameter/errorMTTC.059.005.xml
-c tests/xsam/3.1/integration/config.xml -s tests/xsam/3.1/diameter/errorMTTC.059.006.xml
-c tests/xsam/3.1/integration/config.xml -s tests/xsam/3.1/diameter/errorMTTC.059.007.xml
-c tests/xsam/3.1/integration/config.xml -s tests/xsam/3.1/diameter/errorMTTC.059.008.xml
-c tests/xsam/3.1/integration/config.xml -s tests/xsam/3.1/diameter/errorMTTC.059.009.xml
-c tests/xsam/3.1/integration/config.xml -s tests/xsam/3.1/diameter/errorMTTC.059.010.xml
-c tests/xsam/3.1/integration/config.xml -s tests/xsam/3.1/diameter/errorMTTC.059.011.xml
-c tests/xsam/3.1/integration/config.xml -s tests/xsam/3.1/diameter/errorMTTC.059.012.xml
-c tests/xsam/3.1/integration/config.xml -s tests/xsam/3.1/diameter/errorMTTC.059.013.xml
-c tests/xsam/3.1/integration/config.xml -s tests/xsam/3.1/diameter/errorMTTC.059.014.xml
-c tests/xsam/3.1/integration/config.xml -s tests/xsam/3.1/diameter/errorMTTC.059.015.xml
-c tests/xsam/3.1/integration/config.xml -s tests/xsam/3.1/diameter/errorMTTC.059.016.xml
-c tests/xsam/3.1/integration/config.xml -s tests/xsam/3.1/diameter/errorMTTC.059.017.xml
-c tests/xsam/3.1/integration/config.xml -s tests/xsam/3.1/diameter/errorMTTC.059.018.xml
-c tests/xsam/3.1/integration/config.xml -s tests/xsam/3.1/diameter/errorMTTC.059.019.xml
-c tests/xsam/3.1/integration/config.xml -s tests/xsam/3.1/diameter/errorMTTC.059.020.xml
-c tests/xsam/3.1/integration/config.xml -s tests/xsam/3.1/diameter/errorMTTC.059.021.xml
-c tests/xsam/3.1/integration/config.xml -s tests/xsam/3.1/diameter/errorMTTC.059.022.xml
-c tests/xsam/3.1/integration/config.xml -s tests/xsam/3.1/diameter/errorMTTC.059.023.xml
-c tests/xsam/3.1/integration/config.xml -s tests/xsam/3.1/diameter/errorMTTC.059.024.xml
-c tests/xsam/3.1/integration/config.xml -s tests/xsam/3.1/diameter/errorMTTC.059.025.xml
-c tests/xsam/3.1/integration/config.xml -s tests/xsam/3.1/diameter/errorMTTC.059.026.xml
-c tests/xsam/3.1/integration/config.xml -s tests/xsam/3.1/diameter/errorMTTC.060.000.xml
-c tests/xsam/3.1/integration/config.xml -s tests/xsam/3.1/diameter/errorMTTC.060.001.xml
-c tests/xsam/3.1/integration/config.xml -s tests/xsam/3.1/diameter/errorMTTC.060.002.xml
-c tests/xsam/3.1/integration/config.xml -s tests/xsam/3.1/diameter/errorMTTC.060.003.xml
-c tests/xsam/3.1/integration/config.xml -s tests/xsam/3.1/diameter/errorMTTC.060.004.xml
-c tests/xsam/3.1/integration/config.xml -s tests/xsam/3.1/diameter/errorMTTC.060.005.xml
-c tests/xsam/3.1/integration/config.xml -s tests/xsam/3.1/diameter/errorMTTC.060.006.xml
-c tests/xsam/3.1/integration/config.xml -s tests/xsam/3.1/diameter/errorMTTC.060.007.xml
-c tests/xsam/3.1/integration/config.xml -s tests/xsam/3.1/diameter/errorMTTC.060.008.xml
-c tests/xsam/3.1/integration/config.xml -s tests/xsam/3.1/diameter/errorMTTC.060.009.xml
-c tests/xsam/3.1/integration/config.xml -s tests/xsam/3.1/diameter/errorMTTC.060.010.xml
-c tests/xsam/3.1/integration/config.xml -s tests/xsam/3.1/diameter/errorMTTC.060.011.xml
-c tests/xsam/3.1/integration/config.xml -s tests/xsam/3.1/diameter/errorMTTC.060.012.xml
-c tests/xsam/3.1/integration/config.xml -s tests/xsam/3.1/diameter/errorMTTC.060.013.xml
-c tests/xsam/3.1/integration/config.xml -s tests/xsam/3.1/diameter/errorMTTC.060.014.xml
-c tests/xsam/3.1/integration/config.xml -s tests/xsam/3.1/diameter/errorMTTC.060.015.xml
-c tests/xsam/3.1/integration/config.xml -s tests/xsam/3.1/diameter/errorMTTC.060.016.xml
-c tests/xsam/3.1/integration/config.xml -s tests/xsam/3.1/diameter/errorMTTC.060.017.xml
-c tests/xsam/3.1/integration/config.xml -s tests/xsam/3.1/diameter/errorMTTC.060.018.xml
-c tests/xsam/3.1/integration/config.xml -s tests/xsam/3.1/diameter/errorMTTC.060.019.xml
-c tests/xsam/3.1/integration/config.xml -s tests/xsam/3.1/diameter/errorMTTC.060.020.xml
-c tests/xsam/3.1/integration/config.xml -s tests/xsam/3.1/diameter/errorMTTC.060.021.xml
-c tests/xsam/3.1/integration/config.xml -s tests/xsam/3.1/diameter/errorMTTC.060.022.xml
-c tests/xsam/3.1/integration/config.xml -s tests/xsam/3.1/diameter/errorMTTC.060.023.xml
-c tests/xsam/3.1/integration/config.xml -s tests/xsam/3.1/diameter/errorMTTC.060.024.xml
-c tests/xsam/3.1/integration/config.xml -s tests/xsam/3.1/diameter/errorMTTC.060.025.xml
-c tests/xsam/3.1/integration/config.xml -s tests/xsam/3.1/diameter/errorMTTC.060.026.xml
-c tests/xsam/3.1/integration/config.xml -s tests/xsam/3.1/diameter/errorMTTC.061.000.xml
-c tests/xsam/3.1/integration/config.xml -s tests/xsam/3.1/diameter/errorMTTC.061.001.xml
-c tests/xsam/3.1/integration/config.xml -s tests/xsam/3.1/diameter/errorMTTC.061.002.xml
-c tests/xsam/3.1/integration/config.xml -s tests/xsam/3.1/diameter/errorMTTC.062.000.xml
-c tests/xsam/3.1/integration/config.xml -s tests/xsam/3.1/diameter/errorMTTC.062.001.xml
-c tests/xsam/3.1/integration/config.xml -s tests/xsam/3.1/diameter/errorMTTC.062.002.xml
-c tests/xsam/3.1/integration/config.xml -s tests/xsam/3.1/diameter/newCDRTC.001.000.xml
-c tests/xsam/3.1/integration/config.xml -s tests/xsam/3.1/diameter/newCDRTC.001.001.xml
-c tests/xsam/3.1/integration/config.xml -s tests/xsam/3.1/diameter/newCDRTC.001.002.xml
-c tests/xsam/3.1/integration/config.xml -s tests/xsam/3.1/diameter/newCDRTC.001.003.xml
-c tests/xsam/3.1/integration/config.xml -s tests/xsam/3.1/diameter/newCDRTC.001.004.xml
-c tests/xsam/3.1/integration/config.xml -s tests/xsam/3.1/diameter/newCDRTC.001.005.xml
-c tests/xsam/3.1/integration/config.xml -s tests/xsam/3.1/diameter/newCDRTC.002.000.xml
-c tests/xsam/3.1/integration/config.xml -s tests/xsam/3.1/diameter/newCDRTC.002.001.xml
-c tests/xsam/3.1/integration/config.xml -s tests/xsam/3.1/diameter/newCDRTC.002.002.xml
-c tests/xsam/3.1/integration/config.xml -s tests/xsam/3.1/diameter/newCDRTC.002.003.xml
-c tests/xsam/3.1/integration/config.xml -s tests/xsam/3.1/diameter/newCDRTC.002.004.xml
-c tests/xsam/3.1/integration/config.xml -s tests/xsam/3.1/diameter/newCDRTC.002.005.xml
-c tests/xsam/3.1/integration/config.xml -s tests/xsam/3.1/diameter/newCDRTC.003.000.xml
-c tests/xsam/3.1/integration/config.xml -s tests/xsam/3.1/diameter/newCDRTC.003.001.xml
-c tests/xsam/3.1/integration/config.xml -s tests/xsam/3.1/diameter/newCDRTC.004.000.xml
-c tests/xsam/3.1/integration/config.xml -s tests/xsam/3.1/diameter/newCDRTC.004.001.xml
-c tests/xsam/3.1/integration/config.xml -s tests/xsam/3.1/diameter/newCDRTC.005.000.xml
-c tests/xsam/3.1/integration/config.xml -s tests/xsam/3.1/diameter/newCDRTC.005.001.xml
-c tests/xsam/3.1/integration/config.xml -s tests/xsam/3.1/diameter/newCDRTC.006.000.xml
-c tests/xsam/3.1/integration/config.xml -s tests/xsam/3.1/diameter/newCDRTC.006.001.xml
-c tests/xsam/3.1/integration/config.xml -s tests/xsam/3.1/diameter/newCDRTC.007.000.xml
-c tests/xsam/3.1/integration/config.xml -s tests/xsam/3.1/diameter/newCDRTC.007.001.xml
-c tests/xsam/3.1/integration/config.xml -s tests/xsam/3.1/diameter/newCDRTC.008.000.xml
-c tests/xsam/3.1/integration/config.xml -s tests/xsam/3.1/diameter/newCDRTC.008.001.xml
-c tests/xsam/3.1/integration/config.xml -s tests/xsam/3.1/diameter/newCDRTC.009.xml
-c tests/xsam/3.1/integration/config.xml -s tests/xsam/3.1/diameter/newCDRTC.010.xml
-c tests/xsam/3.1/integration/config.xml -s tests/xsam/3.1/diameter/newCDRTC.011.xml
-c tests/xsam/3.1/integration/config.xml -s tests/xsam/3.1/diameter/newCDRTC.012.xml
-c tests/xsam/3.1/integration/config.xml -s tests/xsam/3.1/diameter/successMOTC.001.xml
-c tests/xsam/3.1/integration/config.xml -s tests/xsam/3.1/diameter/successMOTC.002.xml
-c tests/xsam/3.1/integration/config.xml -s tests/xsam/3.1/diameter/successMOTC.003.xml
-c tests/xsam/3.1/integration/config.xml -s tests/xsam/3.1/diameter/errorMOTC.001.xml
-c tests/xsam/3.1/integration/config.xml -s tests/xsam/3.1/diameter/errorMOTC.002.xml
-c tests/xsam/3.1/integration/config.xml -s tests/xsam/3.1/diameter/errorMOTC.003.xml
-c tests/xsam/3.1/integration/config.xml -s tests/xsam/3.1/diameter/errorMOTC.004.xml
-c tests/xsam/3.1/integration/config.xml -s tests/xsam/3.1/diameter/errorMOTC.005.xml
-c tests/xsam/3.1/integration/config.xml -s tests/xsam/3.1/diameter/errorMOTC.006.xml
-c tests/xsam/3.1/integration/config.xml -s tests/xsam/3.1/diameter/errorMOTC.007.xml
-c tests/xsam/3.1/integration/config.xml -s tests/xsam/3.1/diameter/errorMOTC.008.xml
-c tests/xsam/3.1/integration/config.xml -s tests/xsam/3.1/diameter/errorMOTC.009.xml
-c tests/xsam/3.1/integration/config.xml -s tests/xsam/3.1/diameter/errorMOTC.010.xml
-c tests/xsam/3.1/integration/config.xml -s tests/xsam/3.1/diameter/errorMOTC.011.xml
-c tests/xsam/3.1/integration/config.xml -s tests/xsam/3.1/diameter/errorMOTC.012.xml
-c tests/xsam/3.1/integration/config.xml -s tests/xsam/3.1/diameter/errorMOTC.013.xml
-c tests/xsam/3.1/integration/config.xml -s tests/xsam/3.1/diameter/errorMOTC.014.xml
-c tests/xsam/3.1/integration/config.xml -s tests/xsam/3.1/diameter/errorMOTC.015.xml
-c tests/xsam/3.1/integration/config.xml -s tests/xsam/3.1/diameter/errorMOTC.016.xml
-c tests/xsam/3.1/integration/config.xml -s tests/xsam/3.1/diameter/errorMOTC.017.xml
-c tests/xsam/3.1/integration/config.xml -s tests/xsam/3.1/diameter/errorMOTC.018.xml
-c tests/xsam/3.1/integration/config.xml -s tests/xsam/3.1/diameter/errorMOTC.019.xml
-c tests/xsam/3.1/integration/config.xml -s tests/xsam/3.1/diameter/errorMOTC.020.xml
-c tests/xsam/3.1/integration/config.xml -s tests/xsam/3.1/diameter/errorMOTC.021.xml
-c tests/xsam/3.1/integration/config.xml -s tests/xsam/3.1/diameter/multipleMTTC.001.xml
-c tests/xsam/3.1/integration/config.xml -s tests/xsam/3.1/diameter/multipleMTTC.002.xml
-c tests/xsam/3.1/integration/config.xml -s tests/xsam/3.1/diameter/multipleMTTC.003.xml
-c tests/xsam/3.1/integration/config.xml -s tests/xsam/3.1/diameter/multipleMTTC.004.xml
-c tests/xsam/3.1/integration/config.xml -s tests/xsam/3.1/diameter/multipleMTTC.005.xml
-c tests/xsam/3.1/integration/config.xml -s tests/xsam/3.1/diameter/multipleMTTC.006.xml
-c tests/xsam/3.1/integration/config.xml -s tests/xsam/3.1/diameter/multipleMTTC.007.xml
-c tests/xsam/3.1/integration/config.xml -s tests/xsam/3.1/diameter/multipleMTTC.008.xml
-c tests/xsam/3.1/integration/config.xml -s tests/xsam/3.1/diameter/multipleMTTC.009.xml
-c tests/xsam/3.1/integration/config.xml -s tests/xsam/3.1/diameter/multipleMTTC.010.xml
-c tests/xsam/3.1/integration/config.xml -s tests/xsam/3.1/diameter/multipleMTTC.011.xml
-c tests/xsam/3.1/integration/config.xml -s tests/xsam/3.1/diameter/multipleMTTC.012.xml
-c tests/xsam/3.1/integration/config.xml -s tests/xsam/3.1/diameter/multipleMTTC.014.xml
-c tests/xsam/3.1/integration/config.xml -s tests/xsam/3.1/diameter/multipleMTTC.016.xml
-c tests/xsam/3.1/integration/config.xml -s tests/xsam/3.1/diameter/multipleMTTC.018.xml
-c tests/xsam/3.1/integration/config.xml -s tests/xsam/3.1/integration/integrationTC001.xml
