-c tests/xmgIntegration/config.xml -s tests/xmgIntegration/integrationTC002.xml
-c tests/xmgIntegration/config.xml -s tests/connect/connectTC001.xml
-c tests/xmgIntegration/config.xml -s tests/connect/connectTC002.xml
-c tests/xmgIntegration/config.xml -s tests/connect/connectTC003.xml
-c tests/xmgIntegration/config.xml -s tests/connect/connectTC004.xml
-c tests/xmgIntegration/config.xml -s tests/connect/connectTC005.xml
-c tests/xmgIntegration/config.xml -s tests/connect/connectTC006.xml
-c tests/xmgIntegration/config.xml -s tests/connect/connectTC007.xml
-c tests/xmgIntegration/config.xml -s tests/radius/radiusTC001.xml
-c tests/xmgIntegration/config.xml -s tests/radius/radiusTC002.xml
-c tests/xmgIntegration/config.xml -s tests/push/pushTC001.xml
-c tests/xmgIntegration/config.xml -s tests/push/pushTC002.xml
-c tests/xmgIntegration/config.xml -s tests/push/pushTC003.xml
-c tests/xmgIntegration/config.xml -s tests/push/pushTC004.xml
-c tests/xmgIntegration/config.xml -s tests/push/pushTC005.xml
-c tests/xmgIntegration/config.xml -s tests/push/pushTC006.xml
-c tests/xmgIntegration/config.xml -s tests/nai/naiTC001.xml
-c tests/xmgIntegration/config.xml -s tests/nai/naiTC002.xml
-c tests/xmgIntegration/config.xml -s tests/nai/naiTC003.xml
-c tests/xmgIntegration/config.xml -s tests/log/logTC001.xml
-c tests/xmgIntegration/config.xml -s tests/log/logTC002.xml
-c tests/xmgIntegration/config.xml -s tests/log/logTC003.xml
-c tests/xmgIntegration/config.xml -s tests/log/logTC005.xml
-c tests/xmgIntegration/config.xml -s tests/log/logTC006.xml
-c tests/xmgIntegration/config.xml -s tests/externalTracing/externalTC001.xml
-c tests/xmgIntegration/config.xml -s tests/externalTracing/externalTC002.xml
-c tests/xmgIntegration/config.xml -s tests/externalTracing/externalTC003.xml
-c tests/xmgIntegration/config.xml -s tests/hrc/hrcTC001.xml
-c tests/xmgIntegration/config.xml -s tests/conv/convTC001.xml
-c tests/xmgIntegration/config.xml -s tests/conv/convTC002.xml
-c tests/xmgIntegration/config.xml -s tests/conv/convTC003.xml
-c tests/xmgIntegration/config.xml -s tests/conv/convTC004.xml
-c tests/xmgIntegration/config.xml -s tests/conv/convTC005.xml
-c tests/xmgIntegration/config.xml -s tests/conv/convTC006.xml
-c tests/xmgIntegration/config.xml -s tests/conv/convTC007.xml
-c tests/xmgIntegration/config.xml -s tests/conv/convTC008.xml
-c tests/xmgIntegration/config.xml -s tests/cookies/Cookies_HTTP_Test0001_Sub0001.xml
-c tests/xmgIntegration/config.xml -s tests/cookies/Cookies_HTTP_Test0002_Sub0001.xml
-c tests/xmgIntegration/config.xml -s tests/cookies/Cookies_HTTP_Test0002_Sub0002.xml
-c tests/xmgIntegration/config.xml -s tests/cookies/Cookies_HTTP_Test0002_Sub0003.xml
-c tests/xmgIntegration/config.xml -s tests/cookies/Cookies_HTTP_Test0003_Sub0001.xml
-c tests/xmgIntegration/config.xml -s tests/cookies/Cookies_WAP1_Test0101_Sub0001.xml
-c tests/xmgIntegration/config.xml -s tests/cookies/Cookies_WAP1_Test0102_Sub0001.xml
-c tests/xmgIntegration/config.xml -s tests/cookies/Cookies_WAP1_Test0102_Sub0002.xml
-c tests/xmgIntegration/config.xml -s tests/cookies/Cookies_WAP1_Test0102_Sub0003.xml
-c tests/xmgIntegration/config.xml -s tests/cookies/Cookies_WAP1_Test0102_Sub0004.xml
-c tests/xmgIntegration/config.xml -s tests/cookies/Cookies_WAP1_Test0102_Sub0005.xml
-c tests/xmgIntegration/config.xml -s tests/cookies/Cookies_WAP1_Test0102_Sub0006.xml
-c tests/xmgIntegration/config.xml -s tests/cookies/Cookies_WAP1_Test0102_Sub0007.xml
-c tests/xmgIntegration/config.xml -s tests/cookies/Cookies_WAP1_Test0103_Sub0001.xml
-c tests/xmgIntegration/config.xml -s tests/cookies/Cookies_WAP1_Test0103_Sub0002.xml
-c tests/xmgIntegration/config.xml -s tests/cookies/Cookies_WAP1_Test0103_Sub0003.xml
-c tests/xmgIntegration/config.xml -s tests/cookies/Cookies_WAP1_Test0103_Sub0004.xml
-c tests/xmgIntegration/config.xml -s tests/cookies/Cookies_WAP1_Test0103_Sub0005.xml
-c tests/xmgIntegration/config.xml -s tests/cookies/Cookies_WAP1_Test0103_Sub0006.xml
-c tests/xmgIntegration/config.xml -s tests/cookies/Cookies_WAP1_Test0103_Sub0007.xml
-c tests/xmgIntegration/config.xml -s tests/cookies/Cookies_WAP1_Test0104_Sub0001.xml
-c tests/xmgIntegration/config.xml -s tests/cookies/Cookies_WAP1_Test0104_Sub0002.xml
-c tests/xmgIntegration/config.xml -s tests/cookies/Cookies_WAP1_Test0104_Sub0003.xml
-c tests/xmgIntegration/config.xml -s tests/cookies/Cookies_WAP1_Test0104_Sub0004.xml
-c tests/xmgIntegration/config.xml -s tests/cookies/Cookies_WAP1_Test0104_Sub0005.xml
-c tests/xmgIntegration/config.xml -s tests/cookies/Cookies_WAP1_Test0104_Sub0006.xml
-c tests/xmgIntegration/config.xml -s tests/cookies/Cookies_WAP1_Test0105_Sub0001.xml
-c tests/xmgIntegration/config.xml -s tests/cookies/Cookies_WAP1_Test0107_Sub0001.xml
-c tests/xmgIntegration/config.xml -s tests/cookies/Cookies_WAP1_Test0107_Sub0006.xml
-c tests/xmgIntegration/config.xml -s tests/cookies/Cookies_WAP1_Test0108_Sub0001.xml
-c tests/xmgIntegration/config.xml -s tests/cookies/Cookies_WAP1_Test0108_Sub0003.xml
-c tests/xmgIntegration/config.xml -s tests/cookies/Cookies_WAP1_Test0108_Sub0006.xml
-c tests/xmgIntegration/config.xml -s tests/reqmod/reqmodTC001.xml
-c tests/xmgIntegration/config.xml -s tests/reqmod/reqmodTC003a.xml
-c tests/xmgIntegration/config.xml -s tests/reqmod/reqmodTC003b.xml
-c tests/xmgIntegration/config.xml -s tests/reqmod/reqmodTC003c.xml
-c tests/xmgIntegration/config.xml -s tests/reqmod/reqmodTC004.xml
-c tests/xmgIntegration/config.xml -s tests/reqmod/reqmodTC005.xml
-c tests/xmgIntegration/config.xml -s tests/reqmod/reqmodTC006.xml
-c tests/xmgIntegration/config.xml -s tests/reqmod/reqmodTC007.xml
-c tests/xmgIntegration/config.xml -s tests/reqmod/reqmodTC008.xml
-c tests/xmgIntegration/config.xml -s tests/reqmod/reqmodTC009.xml
-c tests/xmgIntegration/config.xml -s tests/reqmod/reqmodTC010.xml
-c tests/xmgIntegration/config.xml -s tests/reqmod/reqmodTC011.xml
-c tests/xmgIntegration/config.xml -s tests/reqmod/reqmodTC012.xml
-c tests/xmgIntegration/config.xml -s tests/reqmod/reqmodTC013.xml
-c tests/xmgIntegration/config.xml -s tests/reqmod/reqmodTC016.xml
-c tests/xmgIntegration/config.xml -s tests/reqmod/reqmodTC017.xml
-c tests/xmgIntegration/config.xml -s tests/reqmod/reqmodTC018a.xml
-c tests/xmgIntegration/config.xml -s tests/reqmod/reqmodTC018b.xml
-c tests/xmgIntegration/config.xml -s tests/reqmod/reqmodTC019.xml
-c tests/xmgIntegration/config.xml -s tests/reqmod/reqmodTC020.xml
-c tests/xmgIntegration/config.xml -s tests/reqmod/reqmodTC021.xml
-c tests/xmgIntegration/config.xml -s tests/reqmod/reqmodTC022.xml
-c tests/xmgIntegration/config.xml -s tests/reqmod/reqmodTC023.xml
-c tests/xmgIntegration/config.xml -s tests/reqmod/reqmodTC999.xml
-c tests/xmgIntegration/config.xml -s tests/security/securityTC001.xml
-c tests/xmgIntegration/config.xml -s tests/security/securityTC002.xml
-c tests/xmgIntegration/config.xml -s tests/security/securityTC003.xml
-c tests/xmgIntegration/config.xml -s tests/failover/failoverTC002.xml  #TIME_OUT=15
-c tests/xmgIntegration/config.xml -s tests/failover/failoverTC003.xml
-c tests/xmgIntegration/config.xml -s tests/failover/failoverTC004.xml
-c tests/xmgIntegration/config.xml -s tests/bz/bzTC7793.xml
-c tests/xmgIntegration/config.xml -s tests/bz/bzTC7874.xml
-c tests/xmgIntegration/config.xml -s tests/bz/bzTC7891.xml
-c tests/xmgIntegration/config.xml -s tests/bz/bzTC7893.xml
-c tests/xmgIntegration/config.xml -s tests/bz/bzTC7932.xml
-c tests/xmgIntegration/config.xml -s tests/bz/bzTC8091.xml
-c tests/xmgIntegration/config.xml -s tests/bz/bzTC8318.xml
-c tests/xmgIntegration/config.xml -s tests/bz/bzTC9283.xml
-c tests/xmgIntegration/config.xml -s tests/bz/bzTC9296.xml
-c tests/xmgIntegration/config.xml -s tests/bz/bzTC9637.xml
-c tests/xmgIntegration/config.xml -s tests/bz/bzTC9971.xml
-c tests/xmgIntegration/config.xml -s tests/bz/bzTC10033.xml
-c tests/xmgIntegration/config.xml -s tests/bz/bzTC10200.xml
-c tests/xmgIntegration/config.xml -s tests/bz/bzTC12622.xml
-c tests/xmgIntegration/config.xml -s tests/xmgIntegration/integrationTC001.xml
-c tests/xmgIntegration/config.xml -s tests/xtt/xttTC001.xml
